Archive member included to satisfy reference by file (symbol)

E:/Juegos-Software/devkitPro/libctru/lib\libcitro2d.a(base.o)
                              main.o (C2D_Init)
E:/Juegos-Software/devkitPro/libctru/lib\libcitro2d.a(spritesheet.o)
                              main.o (C2D_SpriteSheetLoad)
E:/Juegos-Software/devkitPro/libctru/lib\libcitro2d.a(render2d.shbin.o)
                              E:/Juegos-Software/devkitPro/libctru/lib\libcitro2d.a(base.o) (render2d_shbin)
E:/Juegos-Software/devkitPro/libctru/lib\libcitro3d.a(attribs.o)
                              E:/Juegos-Software/devkitPro/libctru/lib\libcitro2d.a(base.o) (AttrInfo_Init)
E:/Juegos-Software/devkitPro/libctru/lib\libcitro3d.a(base.o)
                              E:/Juegos-Software/devkitPro/libctru/lib\libcitro3d.a(attribs.o) (__C3D_Context)
E:/Juegos-Software/devkitPro/libctru/lib\libcitro3d.a(buffers.o)
                              E:/Juegos-Software/devkitPro/libctru/lib\libcitro2d.a(base.o) (BufInfo_Init)
E:/Juegos-Software/devkitPro/libctru/lib\libcitro3d.a(drawElements.o)
                              E:/Juegos-Software/devkitPro/libctru/lib\libcitro2d.a(base.o) (C3D_DrawElements)
E:/Juegos-Software/devkitPro/libctru/lib\libcitro3d.a(effect.o)
                              E:/Juegos-Software/devkitPro/libctru/lib\libcitro3d.a(base.o) (C3D_DepthMap)
E:/Juegos-Software/devkitPro/libctru/lib\libcitro3d.a(framebuffer.o)
                              E:/Juegos-Software/devkitPro/libctru/lib\libcitro3d.a(base.o) (C3Di_FrameBufBind)
E:/Juegos-Software/devkitPro/libctru/lib\libcitro3d.a(immediate.o)
                              E:/Juegos-Software/devkitPro/libctru/lib\libcitro3d.a(base.o) (C3D_ImmSendAttrib)
E:/Juegos-Software/devkitPro/libctru/lib\libcitro3d.a(proctex.o)
                              E:/Juegos-Software/devkitPro/libctru/lib\libcitro2d.a(base.o) (C3D_ProcTexInit)
E:/Juegos-Software/devkitPro/libctru/lib\libcitro3d.a(renderqueue.o)
                              E:/Juegos-Software/devkitPro/libctru/lib\libcitro3d.a(base.o) (C3Di_RenderQueueEnableVBlank)
E:/Juegos-Software/devkitPro/libctru/lib\libcitro3d.a(tex3ds.o)
                              E:/Juegos-Software/devkitPro/libctru/lib\libcitro2d.a(spritesheet.o) (Tex3DS_TextureImport)
E:/Juegos-Software/devkitPro/libctru/lib\libcitro3d.a(texenv.o)
                              E:/Juegos-Software/devkitPro/libctru/lib\libcitro2d.a(base.o) (C3D_GetTexEnv)
E:/Juegos-Software/devkitPro/libctru/lib\libcitro3d.a(texture.o)
                              E:/Juegos-Software/devkitPro/libctru/lib\libcitro3d.a(tex3ds.o) (C3D_TexInitWithParams)
E:/Juegos-Software/devkitPro/libctru/lib\libcitro3d.a(uniforms.o)
                              E:/Juegos-Software/devkitPro/libctru/lib\libcitro3d.a(base.o) (C3D_UpdateUniforms)
E:/Juegos-Software/devkitPro/libctru/lib\libcitro3d.a(mtx_multiply.o)
                              E:/Juegos-Software/devkitPro/libctru/lib\libcitro2d.a(base.o) (Mtx_Multiply)
E:/Juegos-Software/devkitPro/libctru/lib\libcitro3d.a(mtx_ortho.o)
                              E:/Juegos-Software/devkitPro/libctru/lib\libcitro2d.a(base.o) (Mtx_Ortho)
E:/Juegos-Software/devkitPro/libctru/lib\libcitro3d.a(mtx_orthotilt.o)
                              E:/Juegos-Software/devkitPro/libctru/lib\libcitro2d.a(base.o) (Mtx_OrthoTilt)
E:/Juegos-Software/devkitPro/libctru/lib\libcitro3d.a(mtx_rotatez.o)
                              E:/Juegos-Software/devkitPro/libctru/lib\libcitro2d.a(base.o) (Mtx_RotateZ)
E:/Juegos-Software/devkitPro/libctru/lib\libcitro3d.a(mtx_scale.o)
                              E:/Juegos-Software/devkitPro/libctru/lib\libcitro2d.a(base.o) (Mtx_Scale)
E:/Juegos-Software/devkitPro/libctru/lib\libcitro3d.a(mtx_translate.o)
                              E:/Juegos-Software/devkitPro/libctru/lib\libcitro2d.a(base.o) (Mtx_Translate)
E:/Juegos-Software/devkitPro/libctru/lib\libctru.a(linear.o)
                              E:/Juegos-Software/devkitPro/libctru/lib\libcitro2d.a(base.o) (linearAlloc)
E:/Juegos-Software/devkitPro/libctru/lib\libctru.a(mem_pool.o)
                              E:/Juegos-Software/devkitPro/libctru/lib\libctru.a(linear.o) (MemPool::Allocate(MemChunk&, unsigned long, int))
E:/Juegos-Software/devkitPro/libctru/lib\libctru.a(vram.o)
                              E:/Juegos-Software/devkitPro/libctru/lib\libcitro3d.a(renderqueue.o) (vramAlloc)
E:/Juegos-Software/devkitPro/libctru/lib\libctru.a(gfx.o)
                              E:/Juegos-Software/devkitPro/libctru/lib\libcitro2d.a(base.o) (gfxIsWide)
E:/Juegos-Software/devkitPro/libctru/lib\libctru.a(os.o)
                              E:/Juegos-Software/devkitPro/libctru/lib\libcitro3d.a(buffers.o) (osConvertVirtToPhys)
E:/Juegos-Software/devkitPro/libctru/lib\libctru.a(romfs_dev.o)
                              main.o (romfsMountSelf)
E:/Juegos-Software/devkitPro/libctru/lib\libctru.a(gpu.o)
[...]
Memory Configuration

Name             Origin             Length             Attributes
*default*        0x00000000         0xffffffff

Linker script and memory map

                0x00000000                        __sync_synchronize = __sync_synchronize_dmb
                0x00100000                        PROVIDE (__start__ = 0x100000)
                0x00100000                        . = __start__

.text           0x00100000    0x2120c
 *(.crt0)
 .crt0          0x00100000       0x94 E:/Juegos-Software/devkitPro/devkitARM/bin/../lib/gcc/arm-none-eabi/14.1.0/../../../../arm-none-eabi/lib/armv6k/fpu/3dsx_crt0.o
                0x00100000                _start
                0x00100008                __service_ptr
                0x0010000c                __apt_appid
                0x00100010                __heap_size
                0x00100014                __linear_heap_size
                0x00100018                __system_arglist
                0x0010001c                __system_runflags
 *(.init)
 .init          0x00100094        0xc E:/Juegos-Software/devkitPro/devkitARM/bin/../lib/gcc/arm-none-eabi/14.1.0/armv6k/fpu/crti.o
                0x00100094                _init
 .init          0x001000a0        0xc E:/Juegos-Software/devkitPro/devkitARM/bin/../lib/gcc/arm-none-eabi/14.1.0/armv6k/fpu/crtn.o
                0x001000ac                        . = ALIGN (0x4)
 *(.text)
 .text          0x001000ac      0x20c E:/Juegos-Software/devkitPro/devkitARM/bin/../lib/gcc/arm-none-eabi/14.1.0/armv6k/fpu\libgcc.a(_udivsi3.o)
                0x001000ac                __aeabi_uidiv
                0x001000ac                __udivsi3
                0x00100298                __aeabi_uidivmod
 .text          0x001002b8        0x4 E:/Juegos-Software/devkitPro/devkitARM/bin/../lib/gcc/arm-none-eabi/14.1.0/armv6k/fpu\libgcc.a(_dvmd_tls.o)
                0x001002b8                __aeabi_idiv0
                0x001002b8                __aeabi_ldiv0
 .text          0x001002bc      0x3c0 E:/Juegos-Software/devkitPro/devkitARM/bin/../lib/gcc/arm-none-eabi/14.1.0/armv6k/fpu\libgcc.a(_arm_addsubdf3.o)
                0x001002bc                __aeabi_drsub
                0x001002c4                __aeabi_dsub
                0x001002c4                __subdf3
                0x001002c8                __aeabi_dadd
                0x001002c8                __adddf3
                0x00100574                __floatunsidf
                0x00100574                __aeabi_ui2d
                0x00100598                __floatsidf
                0x00100598                __aeabi_i2d
                0x001005c0                __aeabi_f2d
                0x001005c0                __extendsfdf2
                0x00100608                __floatundidf
                0x00100608                __aeabi_ul2d
                0x0010061c                __floatdidf
                0x0010061c                __aeabi_l2d
 .text          0x0010067c       0xd4 E:/Juegos-Software/devkitPro/devkitARM/bin/../lib/gcc/arm-none-eabi/14.1.0/armv6k/fpu\libgcc.a(_aeabi_ldivmod.o)
                0x0010067c                __aeabi_ldivmod
 .text          0x00100750       0x3c E:/Juegos-Software/devkitPro/devkitARM/bin/../lib/gcc/arm-none-eabi/14.1.0/armv6k/fpu\libgcc.a(_aeabi_uldivmod.o)
                0x00100750                __aeabi_uldivmod
 *fill*         0x0010078c       0x14 
 .text          0x001007a0      0x390 E:/Juegos-Software/devkitPro/devkitARM/bin/../lib/gcc/arm-none-eabi/14.1.0/../../../../arm-none-eabi/lib/armv6k/fpu\libg.a(libc_a-strcmp.o)
                0x001007a8                strcmp
 .text          0x00100b30      0x240 E:/Juegos-Software/devkitPro/devkitARM/bin/../lib/gcc/arm-none-eabi/14.1.0/armv6k/fpu\libgcc.a(_divsi3.o)
                0x00100b30                __divsi3
                0x00100b30                __aeabi_idiv
                0x00100d50                __aeabi_idivmod
 *(.text.*)
 .text.__do_global_dtors_aux
                0x00100d70       0x40 E:/Juegos-Software/devkitPro/devkitARM/bin/../lib/gcc/arm-none-eabi/14.1.0/armv6k/fpu/crtbegin.o
 .text.frame_dummy
                0x00100db0       0x2c E:/Juegos-Software/devkitPro/devkitARM/bin/../lib/gcc/arm-none-eabi/14.1.0/armv6k/fpu/crtbegin.o
 .text.mergemines
                0x00100ddc       0xb4 main.o
                0x00100ddc                mergemines
 .text.init_sprites_board
                0x00100e90       0xec main.o
                0x00100e90                init_sprites_board
 .text.init_sprites_all
                0x00100f7c      0x178 main.o
                0x00100f7c                init_sprites_all
 .text.count_next_mines
                0x001010f4      0x148 main.o
                0x001010f4                count_next_mines
 .text.sweep_land
                0x0010123c       0xc8 main.o
                0x0010123c                sweep_land
 .text.place_flag
                0x00101304       0x64 main.o
                0x00101304                place_flag
 .text.explote_mines
                0x00101368       0x58 main.o
                0x00101368                explote_mines
 .text.modify_land
                0x001013c0       0x80 main.o
                0x001013c0                modify_land
 .text.touch_land
                0x00101440       0xa0 main.o
                0x00101440                touch_land
 .text.move_square_cursor
                0x001014e0       0xe0 main.o
                0x001014e0                move_square_cursor
 .text.draw_square
                0x001015c0       0xbc main.o
                0x001015c0                draw_square
 .text.draw_counter_number_pair
                0x0010167c      0x164 main.o
                0x0010167c                draw_counter_number_pair
 .text.draw_top_squares
                0x001017e0      0x18c main.o
                0x001017e0                draw_top_squares
 .text.draw_board_bottom
                0x0010196c      0x1fc main.o
                0x0010196c                draw_board_bottom
 .text.draw_top
                0x00101b68       0xac main.o
                0x00101b68                draw_top
 .text.startup.main
                0x00101c14      0x3d4 main.o
                0x00101c14                main
 .text.C2Di_FrameEndHook
                0x00101fe8       0x44 E:/Juegos-Software/devkitPro/libctru/lib\libcitro2d.a(base.o)
 *fill*         0x0010202c        0x4 
 .text.C2D_Init
                0x00102030      0x36c E:/Juegos-Software/devkitPro/libctru/lib\libcitro2d.a(base.o)
                0x00102030                C2D_Init
 .text.C2D_Fini
                0x0010239c       0x4c E:/Juegos-Software/devkitPro/libctru/lib\libcitro2d.a(base.o)
                0x0010239c                C2D_Fini
 .text.C2D_Prepare
                0x001023e8       0xb8 E:/Juegos-Software/devkitPro/libctru/lib\libcitro2d.a(base.o)
                0x001023e8                C2D_Prepare
 .text.C2D_Flush
                0x001024a0       0x48 E:/Juegos-Software/devkitPro/libctru/lib\libcitro2d.a(base.o)
                0x001024a0                C2D_Flush
 .text.C2D_SceneSize
                0x001024e8      0x104 E:/Juegos-Software/devkitPro/libctru/lib\libcitro2d.a(base.o)
                0x001024e8                C2D_SceneSize
 .text.C2D_CreateScreenTarget
                0x001025ec       0x58 E:/Juegos-Software/devkitPro/libctru/lib\libcitro2d.a(base.o)
                0x001025ec                C2D_CreateScreenTarget
 .text.C2D_TargetClear
                0x00102644       0x64 E:/Juegos-Software/devkitPro/libctru/lib\libcitro2d.a(base.o)
                0x00102644                C2D_TargetClear
 .text.C2Di_CalcQuad
                0x001026a8      0x13c E:/Juegos-Software/devkitPro/libctru/lib\libcitro2d.a(base.o)
                0x001026a8                C2Di_CalcQuad
 .text.C2Di_AppendQuad
                0x001027e4       0x58 E:/Juegos-Software/devkitPro/libctru/lib\libcitro2d.a(base.o)
                0x001027e4                C2Di_AppendQuad
 .text.C2Di_Update
                0x0010283c      0x550 E:/Juegos-Software/devkitPro/libctru/lib\libcitro2d.a(base.o)
                0x0010283c                C2Di_Update
 .text.C2D_DrawImage
                0x00102d8c      0x2b0 E:/Juegos-Software/devkitPro/libctru/lib\libcitro2d.a(base.o)
                0x00102d8c                C2D_DrawImage
 .text.C2D_DrawLine
                0x0010303c      0x1dc E:/Juegos-Software/devkitPro/libctru/lib\libcitro2d.a(base.o)
                0x0010303c                C2D_DrawLine
 .text.C2D_DrawRectangle
                0x00103218      0x158 E:/Juegos-Software/devkitPro/libctru/lib\libcitro2d.a(base.o)
                0x00103218                C2D_DrawRectangle
 .text.C2D_SpriteSheetLoadFromHandle
                0x00103370       0x6c E:/Juegos-Software/devkitPro/libctru/lib\libcitro2d.a(spritesheet.o)
                0x00103370                C2D_SpriteSheetLoadFromHandle
 .text.C2D_SpriteSheetLoad
                0x001033dc       0x48 E:/Juegos-Software/devkitPro/libctru/lib\libcitro2d.a(spritesheet.o)
                0x001033dc                C2D_SpriteSheetLoad
 .text.C2D_SpriteSheetFree
                0x00103424       0x28 E:/Juegos-Software/devkitPro/libctru/lib\libcitro2d.a(spritesheet.o)
                0x00103424                C2D_SpriteSheetFree
 .text.C2D_SpriteSheetGetImage
                0x0010344c       0x2c E:/Juegos-Software/devkitPro/libctru/lib\libcitro2d.a(spritesheet.o)
                0x0010344c                C2D_SpriteSheetGetImage
 .text.AttrInfo_Init
                0x00103478       0x28 E:/Juegos-Software/devkitPro/libctru/lib\libcitro3d.a(attribs.o)
                0x00103478                AttrInfo_Init
 .text.AttrInfo_AddLoader
                0x001034a0       0x94 E:/Juegos-Software/devkitPro/libctru/lib\libcitro3d.a(attribs.o)
                0x001034a0                AttrInfo_AddLoader
 .text.C3D_SetAttrInfo
                0x00103534       0x54 E:/Juegos-Software/devkitPro/libctru/lib\libcitro3d.a(attribs.o)
                0x00103534                C3D_SetAttrInfo
 .text.C3Di_AttrInfoBind
                0x00103588       0x80 E:/Juegos-Software/devkitPro/libctru/lib\libcitro3d.a(attribs.o)
                0x00103588                C3Di_AttrInfoBind
 .text.C3Di_LightEnvUpdate
                0x00103608        0x4 E:/Juegos-Software/devkitPro/libctru/lib\libcitro3d.a(base.o)
                0x00103608                C3Di_LightEnvUpdate
 .text.C3Di_LightEnvDirty
                0x0010360c        0x4 E:/Juegos-Software/devkitPro/libctru/lib\libcitro3d.a(base.o)
                0x0010360c                C3Di_LightEnvDirty
 .text.C3Di_AptEventHook
                0x00103610       0xb4 E:/Juegos-Software/devkitPro/libctru/lib\libcitro3d.a(base.o)
 .text.C3Di_GasUpdate
                0x001036c4        0x4 E:/Juegos-Software/devkitPro/libctru/lib\libcitro3d.a(base.o)
                0x001036c4                C3Di_GasUpdate
 .text.C3D_Init
                0x001036c8      0x1d0 E:/Juegos-Software/devkitPro/libctru/lib\libcitro3d.a(base.o)
                0x001036c8                C3D_Init
 .text.C3D_SetViewport
                0x00103898       0x98 E:/Juegos-Software/devkitPro/libctru/lib\libcitro3d.a(base.o)
                0x00103898                C3D_SetViewport
 .text.C3Di_UpdateContext
                0x00103930      0x4e8 E:/Juegos-Software/devkitPro/libctru/lib\libcitro3d.a(base.o)
                0x00103930                C3Di_UpdateContext
 .text.C3Di_SplitFrame
                0x00103e18       0xe0 E:/Juegos-Software/devkitPro/libctru/lib\libcitro3d.a(base.o)
                0x00103e18                C3Di_SplitFrame
 .text.C3D_Fini
                0x00103ef8       0x44 E:/Juegos-Software/devkitPro/libctru/lib\libcitro3d.a(base.o)
                0x00103ef8                C3D_Fini
 .text.C3D_BindProgram
                0x00103f3c      0x194 E:/Juegos-Software/devkitPro/libctru/lib\libcitro3d.a(base.o)
                0x00103f3c                C3D_BindProgram
 .text.BufInfo_Init
                0x001040d0       0x24 E:/Juegos-Software/devkitPro/libctru/lib\libcitro3d.a(buffers.o)
                0x001040d0                BufInfo_Init
 .text.BufInfo_Add
                0x001040f4       0x80 E:/Juegos-Software/devkitPro/libctru/lib\libcitro3d.a(buffers.o)
                0x001040f4                BufInfo_Add
 .text.C3D_SetBufInfo
                0x00104174       0x3c E:/Juegos-Software/devkitPro/libctru/lib\libcitro3d.a(buffers.o)
                0x00104174                C3D_SetBufInfo
 .text.C3Di_BufInfoBind
                0x001041b0       0x48 E:/Juegos-Software/devkitPro/libctru/lib\libcitro3d.a(buffers.o)
                0x001041b0                C3Di_BufInfoBind
 .text.C3D_DrawElements
                0x001041f8      0x21c E:/Juegos-Software/devkitPro/libctru/lib\libcitro3d.a(drawElements.o)
                0x001041f8                C3D_DrawElements
 .text.C3D_DepthMap
                0x00104414       0x40 E:/Juegos-Software/devkitPro/libctru/lib\libcitro3d.a(effect.o)
                0x00104414                C3D_DepthMap
 .text.C3D_CullFace
                0x00104454       0x1c E:/Juegos-Software/devkitPro/libctru/lib\libcitro3d.a(effect.o)
                0x00104454                C3D_CullFace
 .text.C3D_StencilTest
                0x00104470       0x40 E:/Juegos-Software/devkitPro/libctru/lib\libcitro3d.a(effect.o)
                0x00104470                C3D_StencilTest
 .text.C3D_StencilOp
                0x001044b0       0x24 E:/Juegos-Software/devkitPro/libctru/lib\libcitro3d.a(effect.o)
                0x001044b0                C3D_StencilOp
 .text.C3D_BlendingColor
                0x001044d4       0x1c E:/Juegos-Software/devkitPro/libctru/lib\libcitro3d.a(effect.o)
                0x001044d4                C3D_BlendingColor
 .text.C3D_EarlyDepthTest
                0x001044f0       0x24 E:/Juegos-Software/devkitPro/libctru/lib\libcitro3d.a(effect.o)
                0x001044f0                C3D_EarlyDepthTest
 .text.C3D_DepthTest
                0x00104514       0x2c E:/Juegos-Software/devkitPro/libctru/lib\libcitro3d.a(effect.o)
                0x00104514                C3D_DepthTest
 .text.C3D_AlphaTest
                0x00104540       0x2c E:/Juegos-Software/devkitPro/libctru/lib\libcitro3d.a(effect.o)
                0x00104540                C3D_AlphaTest
 .text.C3D_AlphaBlend
                0x0010456c       0x50 E:/Juegos-Software/devkitPro/libctru/lib\libcitro3d.a(effect.o)
                0x0010456c                C3D_AlphaBlend
 .text.C3D_FragOpMode
                0x001045bc       0x30 E:/Juegos-Software/devkitPro/libctru/lib\libcitro3d.a(effect.o)
                0x001045bc                C3D_FragOpMode
 .text.C3D_FragOpShadow
                0x001045ec       0x44 E:/Juegos-Software/devkitPro/libctru/lib\libcitro3d.a(effect.o)
                0x001045ec                C3D_FragOpShadow
 .text.C3Di_EffectBind
                0x00104630      0x1ac E:/Juegos-Software/devkitPro/libctru/lib\libcitro3d.a(effect.o)
                0x00104630                C3Di_EffectBind
 .text.C3D_CalcColorBufSize
                0x001047dc       0x1c E:/Juegos-Software/devkitPro/libctru/lib\libcitro3d.a(framebuffer.o)
                0x001047dc                C3D_CalcColorBufSize
 .text.C3D_CalcDepthBufSize
                0x001047f8       0x1c E:/Juegos-Software/devkitPro/libctru/lib\libcitro3d.a(framebuffer.o)
                0x001047f8                C3D_CalcDepthBufSize
 .text.C3D_SetFrameBuf
                0x00104814       0x44 E:/Juegos-Software/devkitPro/libctru/lib\libcitro3d.a(framebuffer.o)
                0x00104814                C3D_SetFrameBuf
 .text.C3Di_FrameBufBind
                0x00104858      0x16c E:/Juegos-Software/devkitPro/libctru/lib\libcitro3d.a(framebuffer.o)
                0x00104858                C3Di_FrameBufBind
 .text.C3D_FrameBufClear
                0x001049c4       0xc8 E:/Juegos-Software/devkitPro/libctru/lib\libcitro3d.a(framebuffer.o)
                0x001049c4                C3D_FrameBufClear
 .text.C3D_FrameBufTransfer
                0x00104a8c       0x44 E:/Juegos-Software/devkitPro/libctru/lib\libcitro3d.a(framebuffer.o)
                0x00104a8c                C3D_FrameBufTransfer
 .text.C3D_ImmSendAttrib
                0x00104ad0       0xa8 E:/Juegos-Software/devkitPro/libctru/lib\libcitro3d.a(immediate.o)
                0x00104ad0                C3D_ImmSendAttrib
 .text.C3D_ProcTexInit
                0x00104b78       0x70 E:/Juegos-Software/devkitPro/libctru/lib\libcitro3d.a(proctex.o)
                0x00104b78                C3D_ProcTexInit
 .text.C3D_ProcTexBind
                0x00104be8       0x54 E:/Juegos-Software/devkitPro/libctru/lib\libcitro3d.a(proctex.o)
                0x00104be8                C3D_ProcTexBind
 .text.C3D_ProcTexLutBind
                0x00104c3c       0x5c E:/Juegos-Software/devkitPro/libctru/lib\libcitro3d.a(proctex.o)
                0x00104c3c                C3D_ProcTexLutBind
 .text.ProcTexLut_FromArray
                0x00104c98       0xa4 E:/Juegos-Software/devkitPro/libctru/lib\libcitro3d.a(proctex.o)
                0x00104c98                ProcTexLut_FromArray
 .text.C3Di_ProcTexUpdate
                0x00104d3c      0x178 E:/Juegos-Software/devkitPro/libctru/lib\libcitro3d.a(proctex.o)
                0x00104d3c                C3Di_ProcTexUpdate
 .text.C3Di_ProcTexDirty
                0x00104eb4       0x68 E:/Juegos-Software/devkitPro/libctru/lib\libcitro3d.a(proctex.o)
                0x00104eb4                C3Di_ProcTexDirty
 .text.onVBlank0
                0x00104f1c       0x4c E:/Juegos-Software/devkitPro/libctru/lib\libcitro3d.a(renderqueue.o)
 .text.onVBlank1
                0x00104f68       0x4c E:/Juegos-Software/devkitPro/libctru/lib\libcitro3d.a(renderqueue.o)
 .text.C3Di_RenderTargetDestroy
                0x00104fb4       0x80 E:/Juegos-Software/devkitPro/libctru/lib\libcitro3d.a(renderqueue.o)
 .text.onQueueFinish
                0x00105034       0xf4 E:/Juegos-Software/devkitPro/libctru/lib\libcitro3d.a(renderqueue.o)
 .text.C3Di_RenderQueueEnableVBlank
                0x00105128       0x38 E:/Juegos-Software/devkitPro/libctru/lib\libcitro3d.a(renderqueue.o)
                0x00105128                C3Di_RenderQueueEnableVBlank
 .text.C3Di_RenderQueueDisableVBlank
                0x00105160       0x30 E:/Juegos-Software/devkitPro/libctru/lib\libcitro3d.a(renderqueue.o)
                0x00105160                C3Di_RenderQueueDisableVBlank
 .text.C3Di_RenderQueueInit
                0x00105190       0x60 E:/Juegos-Software/devkitPro/libctru/lib\libcitro3d.a(renderqueue.o)
                0x00105190                C3Di_RenderQueueInit
 .text.C3Di_RenderQueueExit
                0x001051f0       0xb4 E:/Juegos-Software/devkitPro/libctru/lib\libcitro3d.a(renderqueue.o)
                0x001051f0                C3Di_RenderQueueExit
 .text.C3Di_RenderQueueWaitDone
                0x001052a4       0x34 E:/Juegos-Software/devkitPro/libctru/lib\libcitro3d.a(renderqueue.o)
                0x001052a4                C3Di_RenderQueueWaitDone
 .text.C3D_FrameBegin
                0x001052d8       0xe8 E:/Juegos-Software/devkitPro/libctru/lib\libcitro3d.a(renderqueue.o)
                0x001052d8                C3D_FrameBegin
 .text.C3D_FrameDrawOn
                0x001053c0       0x48 E:/Juegos-Software/devkitPro/libctru/lib\libcitro3d.a(renderqueue.o)
                0x001053c0                C3D_FrameDrawOn
 .text.C3D_FrameSplit
                0x00105408       0x58 E:/Juegos-Software/devkitPro/libctru/lib\libcitro3d.a(renderqueue.o)
                0x00105408                C3D_FrameSplit
 .text.C3D_FrameEnd
                0x00105460      0x1d0 E:/Juegos-Software/devkitPro/libctru/lib\libcitro3d.a(renderqueue.o)
                0x00105460                C3D_FrameEnd
 .text.C3D_FrameEndHook
                0x00105630       0x1c E:/Juegos-Software/devkitPro/libctru/lib\libcitro3d.a(renderqueue.o)
                0x00105630                C3D_FrameEndHook
 .text.C3D_RenderTargetCreate
                0x0010564c      0x170 E:/Juegos-Software/devkitPro/libctru/lib\libcitro3d.a(renderqueue.o)
                0x0010564c                C3D_RenderTargetCreate
 .text.C3D_RenderTargetSetOutput
                0x001057bc       0xa8 E:/Juegos-Software/devkitPro/libctru/lib\libcitro3d.a(renderqueue.o)
                0x001057bc                C3D_RenderTargetSetOutput
 .text.C3D_SyncTextureCopy
                0x00105864       0xfc E:/Juegos-Software/devkitPro/libctru/lib\libcitro3d.a(renderqueue.o)
                0x00105864                C3D_SyncTextureCopy
 .text.Tex3DSi_ImportCommon
                0x00105960      0x3d8 E:/Juegos-Software/devkitPro/libctru/lib\libcitro3d.a(tex3ds.o)
 .text.Tex3DS_TextureImportStdio
                0x00105d38       0x38 E:/Juegos-Software/devkitPro/libctru/lib\libcitro3d.a(tex3ds.o)
                0x00105d38                Tex3DS_TextureImportStdio
 .text.Tex3DS_GetSubTexture
                0x00105d70       0x1c E:/Juegos-Software/devkitPro/libctru/lib\libcitro3d.a(tex3ds.o)
                0x00105d70                Tex3DS_GetSubTexture
 .text.Tex3DS_TextureFree
                0x00105d8c        0x4 E:/Juegos-Software/devkitPro/libctru/lib\libcitro3d.a(tex3ds.o)
                0x00105d8c                Tex3DS_TextureFree
 .text.C3D_GetTexEnv
                0x00105d90       0x34 E:/Juegos-Software/devkitPro/libctru/lib\libcitro3d.a(texenv.o)
                0x00105d90                C3D_GetTexEnv
 .text.C3Di_TexEnvBind
                0x00105dc4       0x24 E:/Juegos-Software/devkitPro/libctru/lib\libcitro3d.a(texenv.o)
                0x00105dc4                C3Di_TexEnvBind
 .text.C3D_TexInitWithParams
                0x00105de8      0x290 E:/Juegos-Software/devkitPro/libctru/lib\libcitro3d.a(texture.o)
                0x00105de8                C3D_TexInitWithParams
 .text.C3D_TexLoadImage
                0x00106078       0xc8 E:/Juegos-Software/devkitPro/libctru/lib\libcitro3d.a(texture.o)
                0x00106078                C3D_TexLoadImage
 .text.C3D_TexBind
                0x00106140       0x44 E:/Juegos-Software/devkitPro/libctru/lib\libcitro3d.a(texture.o)
                0x00106140                C3D_TexBind
 .text.C3D_TexDelete
                0x00106184       0x74 E:/Juegos-Software/devkitPro/libctru/lib\libcitro3d.a(texture.o)
                0x00106184                C3D_TexDelete
 .text.C3Di_SetTex
                0x001061f8      0x14c E:/Juegos-Software/devkitPro/libctru/lib\libcitro3d.a(texture.o)
                0x001061f8                C3Di_SetTex
 .text.C3D_UpdateUniforms
                0x00106344      0x290 E:/Juegos-Software/devkitPro/libctru/lib\libcitro3d.a(uniforms.o)
                0x00106344                C3D_UpdateUniforms
 .text.C3Di_DirtyUniforms
                0x001065d4       0xc0 E:/Juegos-Software/devkitPro/libctru/lib\libcitro3d.a(uniforms.o)
                0x001065d4                C3Di_DirtyUniforms
 .text.C3Di_LoadShaderUniforms
                0x00106694       0xd8 E:/Juegos-Software/devkitPro/libctru/lib\libcitro3d.a(uniforms.o)
                0x00106694                C3Di_LoadShaderUniforms
 .text.C3Di_ClearShaderUniforms
                0x0010676c       0x28 E:/Juegos-Software/devkitPro/libctru/lib\libcitro3d.a(uniforms.o)
                0x0010676c                C3Di_ClearShaderUniforms
 .text.Mtx_Ortho
                0x00106794       0xcc E:/Juegos-Software/devkitPro/libctru/lib\libcitro3d.a(mtx_ortho.o)
                0x00106794                Mtx_Ortho
 .text.Mtx_OrthoTilt
                0x00106860       0xcc E:/Juegos-Software/devkitPro/libctru/lib\libcitro3d.a(mtx_orthotilt.o)
                0x00106860                Mtx_OrthoTilt
 .text._ZL21addrMapNodeComparatorPK11rbtree_nodeS1_
                0x0010692c       0x24 E:/Juegos-Software/devkitPro/libctru/lib\libctru.a(linear.o)
 .text._ZL21addrMapNodeDestructorP11rbtree_node
                0x00106950        0x4 E:/Juegos-Software/devkitPro/libctru/lib\libctru.a(linear.o)
 .text.linearMemAlign
                0x00106954      0x120 E:/Juegos-Software/devkitPro/libctru/lib\libctru.a(linear.o)
                0x00106954                linearMemAlign
 .text.linearAlloc
                0x00106a74        0x8 E:/Juegos-Software/devkitPro/libctru/lib\libctru.a(linear.o)
                0x00106a74                linearAlloc
 .text.linearFree
                0x00106a7c       0x5c E:/Juegos-Software/devkitPro/libctru/lib\libctru.a(linear.o)
                0x00106a7c                linearFree
 .text._ZN7MemPool13CoalesceRightEP8MemBlock
                0x00106ad8       0x80 E:/Juegos-Software/devkitPro/libctru/lib\libctru.a(mem_pool.o)
                0x00106ad8                MemPool::CoalesceRight(MemBlock*)
 .text._ZN7MemPool8AllocateER8MemChunkmi
                0x00106b58      0x16c E:/Juegos-Software/devkitPro/libctru/lib\libctru.a(mem_pool.o)
                0x00106b58                MemPool::Allocate(MemChunk&, unsigned long, int)
 .text._ZN7MemPool10DeallocateERK8MemChunk
                0x00106cc4       0xfc E:/Juegos-Software/devkitPro/libctru/lib\libctru.a(mem_pool.o)
                0x00106cc4                MemPool::Deallocate(MemChunk const&)
 .text._ZN7MemPool12GetFreeSpaceEv
                0x00106dc0       0x30 E:/Juegos-Software/devkitPro/libctru/lib\libctru.a(mem_pool.o)
                0x00106dc0                MemPool::GetFreeSpace()
 .text._ZL21addrMapNodeComparatorPK11rbtree_nodeS1_
                0x00106df0       0x24 E:/Juegos-Software/devkitPro/libctru/lib\libctru.a(vram.o)
 .text._ZL21addrMapNodeDestructorP11rbtree_node
                0x00106e14        0x4 E:/Juegos-Software/devkitPro/libctru/lib\libctru.a(vram.o)
 .text.vramMemAlignAt
                0x00106e18      0x24c E:/Juegos-Software/devkitPro/libctru/lib\libctru.a(vram.o)
                0x00106e18                vramMemAlignAt
 .text.vramAlloc
                0x00107064        0xc E:/Juegos-Software/devkitPro/libctru/lib\libctru.a(vram.o)
                0x00107064                vramAlloc
 .text.vramAllocAt
                0x00107070        0xc E:/Juegos-Software/devkitPro/libctru/lib\libctru.a(vram.o)
                0x00107070                vramAllocAt
 .text.vramFree
                0x0010707c       0x90 E:/Juegos-Software/devkitPro/libctru/lib\libctru.a(vram.o)
                0x0010707c                vramFree
 .text.gfxPresentFramebuffer
                0x0010710c       0xd0 E:/Juegos-Software/devkitPro/libctru/lib\libctru.a(gfx.o)
 .text.gfxIsWide
                0x001071dc       0x1c E:/Juegos-Software/devkitPro/libctru/lib\libctru.a(gfx.o)
                0x001071dc                gfxIsWide
 .text.gfxSetScreenFormat
                0x001071f8       0xec E:/Juegos-Software/devkitPro/libctru/lib\libctru.a(gfx.o)
                0x001071f8                gfxSetScreenFormat
 .text.gfxInit  0x001072e4       0xe0 E:/Juegos-Software/devkitPro/libctru/lib\libctru.a(gfx.o)
                0x001072e4                gfxInit
 .text.gfxInitDefault
                0x001073c4       0x10 E:/Juegos-Software/devkitPro/libctru/lib\libctru.a(gfx.o)
                0x001073c4                gfxInitDefault
 .text.gfxExit  0x001073d4       0xb4 E:/Juegos-Software/devkitPro/libctru/lib\libctru.a(gfx.o)
                0x001073d4                gfxExit
 .text.gfxGetFramebuffer
                0x00107488       0xa0 E:/Juegos-Software/devkitPro/libctru/lib\libctru.a(gfx.o)
                0x00107488                gfxGetFramebuffer
 .text.gfxScreenSwapBuffers
                0x00107528       0x30 E:/Juegos-Software/devkitPro/libctru/lib\libctru.a(gfx.o)
                0x00107528                gfxScreenSwapBuffers
 .text.osConvertVirtToPhys
                0x00107558       0x74 E:/Juegos-Software/devkitPro/libctru/lib\libctru.a(os.o)
                0x00107558                osConvertVirtToPhys
 .text.osGetTimeRef
                0x001075cc       0x54 E:/Juegos-Software/devkitPro/libctru/lib\libctru.a(os.o)
                0x001075cc                osGetTimeRef
 .text.osGetTime
                0x00107620       0xec E:/Juegos-Software/devkitPro/libctru/lib\libctru.a(os.o)
                0x00107620                osGetTime
 .text.__ctru_speedup_config
                0x0010770c       0x34 E:/Juegos-Software/devkitPro/libctru/lib\libctru.a(os.o)
                0x0010770c                __ctru_speedup_config
 .text.romfs_close
                0x00107740        0x8 E:/Juegos-Software/devkitPro/libctru/lib\libctru.a(romfs_dev.o)
 .text.romfs_seek
                0x00107748       0xc4 E:/Juegos-Software/devkitPro/libctru/lib\libctru.a(romfs_dev.o)
 .text.romfs_dirreset
                0x0010780c       0x24 E:/Juegos-Software/devkitPro/libctru/lib\libctru.a(romfs_dev.o)
 .text.fill_dir
                0x00107830       0xc8 E:/Juegos-Software/devkitPro/libctru/lib\libctru.a(romfs_dev.o)
 .text.romfs_dirnext
                0x001078f8      0x2a8 E:/Juegos-Software/devkitPro/libctru/lib\libctru.a(romfs_dev.o)
 .text.romfs_free
                0x00107ba0       0x84 E:/Juegos-Software/devkitPro/libctru/lib\libctru.a(romfs_dev.o)
 .text.searchForFile.constprop.0
                0x00107c24       0xd4 E:/Juegos-Software/devkitPro/libctru/lib\libctru.a(romfs_dev.o)
 .text.searchForDir.constprop.0
                0x00107cf8       0xd8 E:/Juegos-Software/devkitPro/libctru/lib\libctru.a(romfs_dev.o)
 .text.navigateToDir.constprop.0
                0x00107dd0      0x1c0 E:/Juegos-Software/devkitPro/libctru/lib\libctru.a(romfs_dev.o)
 .text.romfs_open
                0x00107f90      0x10c E:/Juegos-Software/devkitPro/libctru/lib\libctru.a(romfs_dev.o)
 .text.romfs_chdir
                0x0010809c       0x4c E:/Juegos-Software/devkitPro/libctru/lib\libctru.a(romfs_dev.o)
 .text.romfs_diropen
                0x001080e8       0x70 E:/Juegos-Software/devkitPro/libctru/lib\libctru.a(romfs_dev.o)
 .text.romfs_stat
                0x00108158      0x174 E:/Juegos-Software/devkitPro/libctru/lib\libctru.a(romfs_dev.o)
 .text.romfs_dirclose
                0x001082cc        0x8 E:/Juegos-Software/devkitPro/libctru/lib\libctru.a(romfs_dev.o)
 *fill*         0x001082d4        0x4 
 .text.romfs_fstat
                0x001082d8       0x84 E:/Juegos-Software/devkitPro/libctru/lib\libctru.a(romfs_dev.o)
 .text.romfs_read
                0x0010835c       0xd0 E:/Juegos-Software/devkitPro/libctru/lib\libctru.a(romfs_dev.o)
 .text.romfsMountFromFile
                0x0010842c      0x28c E:/Juegos-Software/devkitPro/libctru/lib\libctru.a(romfs_dev.o)
                0x0010842c                romfsMountFromFile
 .text.romfsMountFromCurrentProcess
                0x001086b8       0x98 E:/Juegos-Software/devkitPro/libctru/lib\libctru.a(romfs_dev.o)
                0x001086b8                romfsMountFromCurrentProcess
 .text.romfsMountSelf
                0x00108750      0x260 E:/Juegos-Software/devkitPro/libctru/lib\libctru.a(romfs_dev.o)
                0x00108750                romfsMountSelf
 .text.romfsUnmount
                0x001089b0       0xa0 E:/Juegos-Software/devkitPro/libctru/lib\libctru.a(romfs_dev.o)
                0x001089b0                romfsUnmount
 .text.GPUCMD_Add
                0x00108a50      0x13c E:/Juegos-Software/devkitPro/libctru/lib\libctru.a(gpu.o)
                0x00108a50                GPUCMD_Add
 .text.GPUCMD_Split
                0x00108b8c       0xb0 E:/Juegos-Software/devkitPro/libctru/lib\libctru.a(gpu.o)
                0x00108b8c                GPUCMD_Split
 .text.f32tof16
                0x00108c3c       0x34 E:/Juegos-Software/devkitPro/libctru/lib\libctru.a(gpu.o)
                0x00108c3c                f32tof16
 .text.f32tof24
                0x00108c70       0x34 E:/Juegos-Software/devkitPro/libctru/lib\libctru.a(gpu.o)
                0x00108c70                f32tof24
 .text.f32tof31
                0x00108ca4       0x38 E:/Juegos-Software/devkitPro/libctru/lib\libctru.a(gpu.o)
                0x00108ca4                f32tof31
 .text.GX_BindQueue
                0x00108cdc       0x10 E:/Juegos-Software/devkitPro/libctru/lib\libctru.a(gx.o)
                0x00108cdc                GX_BindQueue
 .text.GX_ProcessCommandList
                0x00108cec       0x78 E:/Juegos-Software/devkitPro/libctru/lib\libctru.a(gx.o)
                0x00108cec                GX_ProcessCommandList
 .text.GX_MemoryFill
                0x00108d64       0x74 E:/Juegos-Software/devkitPro/libctru/lib\libctru.a(gx.o)
                0x00108d64                GX_MemoryFill
 .text.GX_DisplayTransfer
                0x00108dd8       0x70 E:/Juegos-Software/devkitPro/libctru/lib\libctru.a(gx.o)
                0x00108dd8                GX_DisplayTransfer
 .text.GX_TextureCopy
                0x00108e48       0x74 E:/Juegos-Software/devkitPro/libctru/lib\libctru.a(gx.o)
                0x00108e48                GX_TextureCopy
 .text.gxCmdQueueDoCommands.part.0
                0x00108ebc       0x68 E:/Juegos-Software/devkitPro/libctru/lib\libctru.a(gxqueue.o)
 .text.gxCmdQueueInterrupt
                0x00108f24       0xc8 E:/Juegos-Software/devkitPro/libctru/lib\libctru.a(gxqueue.o)
                0x00108f24                gxCmdQueueInterrupt
 .text.gxCmdQueueClear
                0x00108fec       0x4c E:/Juegos-Software/devkitPro/libctru/lib\libctru.a(gxqueue.o)
                0x00108fec                gxCmdQueueClear
 .text.gxCmdQueueAdd
                0x00109038       0xf8 E:/Juegos-Software/devkitPro/libctru/lib\libctru.a(gxqueue.o)
                0x00109038                gxCmdQueueAdd
 .text.gxCmdQueueRun
                0x00109130       0x80 E:/Juegos-Software/devkitPro/libctru/lib\libctru.a(gxqueue.o)
                0x00109130                gxCmdQueueRun
 .text.gxCmdQueueStop
                0x001091b0       0x60 E:/Juegos-Software/devkitPro/libctru/lib\libctru.a(gxqueue.o)
                0x001091b0                gxCmdQueueStop
 .text.gxCmdQueueWait
                0x00109210       0x8c E:/Juegos-Software/devkitPro/libctru/lib\libctru.a(gxqueue.o)
                0x00109210                gxCmdQueueWait
 .text.shaderInstanceInit
                0x0010929c      0x1d0 E:/Juegos-Software/devkitPro/libctru/lib\libctru.a(shaderProgram.o)
                0x0010929c                shaderInstanceInit
 .text.shaderInstanceGetUniformLocation
                0x0010946c       0x18 E:/Juegos-Software/devkitPro/libctru/lib\libctru.a(shaderProgram.o)
                0x0010946c                shaderInstanceGetUniformLocation
 .text.shaderProgramInit
                0x00109484       0x1c E:/Juegos-Software/devkitPro/libctru/lib\libctru.a(shaderProgram.o)
                0x00109484                shaderProgramInit
 .text.shaderProgramFree
                0x001094a0       0x64 E:/Juegos-Software/devkitPro/libctru/lib\libctru.a(shaderProgram.o)
                0x001094a0                shaderProgramFree
 .text.shaderProgramSetVsh
                0x00109504       0x80 E:/Juegos-Software/devkitPro/libctru/lib\libctru.a(shaderProgram.o)
                0x00109504                shaderProgramSetVsh
 .text.shaderProgramConfigure
                0x00109584      0x8e0 E:/Juegos-Software/devkitPro/libctru/lib\libctru.a(shaderProgram.o)
                0x00109584                shaderProgramConfigure
 .text.DVLE_GenerateOutmap.part.0
                0x00109e64      0x1cc E:/Juegos-Software/devkitPro/libctru/lib\libctru.a(shbin.o)
 .text.DVLB_ParseFile
                0x0010a030      0x1b4 E:/Juegos-Software/devkitPro/libctru/lib\libctru.a(shbin.o)
                0x0010a030                DVLB_ParseFile
 .text.DVLB_Free
                0x0010a1e4       0x38 E:/Juegos-Software/devkitPro/libctru/lib\libctru.a(shbin.o)
                0x0010a1e4                DVLB_Free
 .text.DVLE_GetUniformRegister
                0x0010a21c       0x74 E:/Juegos-Software/devkitPro/libctru/lib\libctru.a(shbin.o)
                0x0010a21c                DVLE_GetUniformRegister
 .text.aptConvertScreenForCapture
                0x0010a290      0x1ac E:/Juegos-Software/devkitPro/libctru/lib\libctru.a(apt.o)
 .text.aptDspSleep
                0x0010a43c        0x8 E:/Juegos-Software/devkitPro/libctru/lib\libctru.a(apt.o)
                0x0010a43c                aptDspSleep
 .text.aptDspWakeup
                0x0010a444        0x4 E:/Juegos-Software/devkitPro/libctru/lib\libctru.a(apt.o)
                0x0010a444                aptDspWakeup
 .text.aptDspCancel
                0x0010a448        0x4 E:/Juegos-Software/devkitPro/libctru/lib\libctru.a(apt.o)
                0x0010a448                aptDspCancel
 .text.aptSendCommand
                0x0010a44c      0x158 E:/Juegos-Software/devkitPro/libctru/lib\libctru.a(apt.o)
                0x0010a44c                aptSendCommand
 *fill*         0x0010a5a4        0x4 
 .text.aptExitProcess
                0x0010a5a8       0x44 E:/Juegos-Software/devkitPro/libctru/lib\libctru.a(apt.o)
 .text.aptExit  0x0010a5ec      0x38c E:/Juegos-Software/devkitPro/libctru/lib\libctru.a(apt.o)
                0x0010a5ec                aptExit
 .text.aptHandleSleep
                0x0010a978       0xe0 E:/Juegos-Software/devkitPro/libctru/lib\libctru.a(apt.o)
                0x0010a978                aptHandleSleep
 .text.aptHook  0x0010aa58       0x30 E:/Juegos-Software/devkitPro/libctru/lib\libctru.a(apt.o)
                0x0010aa58                aptHook
 .text.aptUnhook
                0x0010aa88       0x30 E:/Juegos-Software/devkitPro/libctru/lib\libctru.a(apt.o)
                0x0010aa88                aptUnhook
 .text.APT_SleepIfShellClosed
                0x0010aab8       0x84 E:/Juegos-Software/devkitPro/libctru/lib\libctru.a(apt.o)
                0x0010aab8                APT_SleepIfShellClosed
 .text.aptSetSleepAllowed
                0x0010ab3c       0x84 E:/Juegos-Software/devkitPro/libctru/lib\libctru.a(apt.o)
                0x0010ab3c                aptSetSleepAllowed
 .text.APT_UnlockTransition
                0x0010abc0       0x84 E:/Juegos-Software/devkitPro/libctru/lib\libctru.a(apt.o)
                0x0010abc0                APT_UnlockTransition
 *fill*         0x0010ac44        0x4 
 .text.aptEventHandler
                0x0010ac48      0x4a4 E:/Juegos-Software/devkitPro/libctru/lib\libctru.a(apt.o)
 .text.APT_ReceiveParameter
                0x0010b0ec       0xb0 E:/Juegos-Software/devkitPro/libctru/lib\libctru.a(apt.o)
                0x0010b0ec                APT_ReceiveParameter
 .text.aptReceiveParameter.constprop.0
                0x0010b19c       0xac E:/Juegos-Software/devkitPro/libctru/lib\libctru.a(apt.o)
 .text.aptScreenTransfer
                0x0010b248      0x2ac E:/Juegos-Software/devkitPro/libctru/lib\libctru.a(apt.o)
 .text.aptWaitForWakeUp.isra.0
                0x0010b4f4      0x320 E:/Juegos-Software/devkitPro/libctru/lib\libctru.a(apt.o)
 .text.aptJumpToHomeMenu
                0x0010b814       0xf8 E:/Juegos-Software/devkitPro/libctru/lib\libctru.a(apt.o)
                0x0010b814                aptJumpToHomeMenu
 .text.aptMainLoop
                0x0010b90c       0x48 E:/Juegos-Software/devkitPro/libctru/lib\libctru.a(apt.o)
                0x0010b90c                aptMainLoop
 .text.aptInit  0x0010b954      0x22c E:/Juegos-Software/devkitPro/libctru/lib\libctru.a(apt.o)
                0x0010b954                aptInit
 .text.APT_CheckNew3DS
                0x0010bb80       0x7c E:/Juegos-Software/devkitPro/libctru/lib\libctru.a(apt.o)
                0x0010bb80                APT_CheckNew3DS
 .text.fsInit   0x0010bbfc       0xcc E:/Juegos-Software/devkitPro/libctru/lib\libctru.a(fs.o)
                0x0010bbfc                fsInit
 .text.fsExit   0x0010bcc8       0x3c E:/Juegos-Software/devkitPro/libctru/lib\libctru.a(fs.o)
                0x0010bcc8                fsExit
 .text.fsExemptFromSession
                0x0010bd04       0x60 E:/Juegos-Software/devkitPro/libctru/lib\libctru.a(fs.o)
                0x0010bd04                fsExemptFromSession
 .text.fsUnexemptFromSession
                0x0010bd64       0x50 E:/Juegos-Software/devkitPro/libctru/lib\libctru.a(fs.o)
                0x0010bd64                fsUnexemptFromSession
 .text.FSUSER_OpenFile
                0x0010bdb4       0xcc E:/Juegos-Software/devkitPro/libctru/lib\libctru.a(fs.o)
                0x0010bdb4                FSUSER_OpenFile
 .text.FSUSER_OpenFileDirectly
                0x0010be80       0xd4 E:/Juegos-Software/devkitPro/libctru/lib\libctru.a(fs.o)
                0x0010be80                FSUSER_OpenFileDirectly
 .text.FSUSER_DeleteFile
                0x0010bf54       0xbc E:/Juegos-Software/devkitPro/libctru/lib\libctru.a(fs.o)
                0x0010bf54                FSUSER_DeleteFile
 .text.FSUSER_RenameFile
                0x0010c010       0xf8 E:/Juegos-Software/devkitPro/libctru/lib\libctru.a(fs.o)
                0x0010c010                FSUSER_RenameFile
 .text.FSUSER_DeleteDirectory
                0x0010c108       0xbc E:/Juegos-Software/devkitPro/libctru/lib\libctru.a(fs.o)
                0x0010c108                FSUSER_DeleteDirectory
 .text.FSUSER_CreateFile
                0x0010c1c4       0xd4 E:/Juegos-Software/devkitPro/libctru/lib\libctru.a(fs.o)
                0x0010c1c4                FSUSER_CreateFile
 .text.FSUSER_CreateDirectory
                0x0010c298       0xc4 E:/Juegos-Software/devkitPro/libctru/lib\libctru.a(fs.o)
                0x0010c298                FSUSER_CreateDirectory
 .text.FSUSER_RenameDirectory
                0x0010c35c       0xf8 E:/Juegos-Software/devkitPro/libctru/lib\libctru.a(fs.o)
                0x0010c35c                FSUSER_RenameDirectory
 .text.FSUSER_OpenDirectory
                0x0010c454       0xb4 E:/Juegos-Software/devkitPro/libctru/lib\libctru.a(fs.o)
                0x0010c454                FSUSER_OpenDirectory
 .text.FSUSER_OpenArchive
                0x0010c508       0x94 E:/Juegos-Software/devkitPro/libctru/lib\libctru.a(fs.o)
                0x0010c508                FSUSER_OpenArchive
 .text.FSUSER_CloseArchive
                0x0010c59c       0x8c E:/Juegos-Software/devkitPro/libctru/lib\libctru.a(fs.o)
                0x0010c59c                FSUSER_CloseArchive
 .text.FSUSER_GetSdmcArchiveResource
                0x0010c628       0x74 E:/Juegos-Software/devkitPro/libctru/lib\libctru.a(fs.o)
                0x0010c628                FSUSER_GetSdmcArchiveResource
 .text.FSUSER_IsSdmcWritable
                0x0010c69c       0x64 E:/Juegos-Software/devkitPro/libctru/lib\libctru.a(fs.o)
                0x0010c69c                FSUSER_IsSdmcWritable
 .text.FSFILE_Read
                0x0010c700       0x58 E:/Juegos-Software/devkitPro/libctru/lib\libctru.a(fs.o)
                0x0010c700                FSFILE_Read
 .text.FSFILE_Write
                0x0010c758       0x60 E:/Juegos-Software/devkitPro/libctru/lib\libctru.a(fs.o)
                0x0010c758                FSFILE_Write
 .text.FSFILE_GetSize
                0x0010c7b8       0x38 E:/Juegos-Software/devkitPro/libctru/lib\libctru.a(fs.o)
                0x0010c7b8                FSFILE_GetSize
 .text.FSFILE_SetSize
                0x0010c7f0       0x28 E:/Juegos-Software/devkitPro/libctru/lib\libctru.a(fs.o)
                0x0010c7f0                FSFILE_SetSize
 .text.FSFILE_Close
                0x0010c818       0x3c E:/Juegos-Software/devkitPro/libctru/lib\libctru.a(fs.o)
                0x0010c818                FSFILE_Close
 .text.FSFILE_Flush
                0x0010c854       0x24 E:/Juegos-Software/devkitPro/libctru/lib\libctru.a(fs.o)
                0x0010c854                FSFILE_Flush
 .text.FSDIR_Read
                0x0010c878       0x50 E:/Juegos-Software/devkitPro/libctru/lib\libctru.a(fs.o)
                0x0010c878                FSDIR_Read
 .text.FSDIR_Close
                0x0010c8c8       0x3c E:/Juegos-Software/devkitPro/libctru/lib\libctru.a(fs.o)
                0x0010c8c8                FSDIR_Close
 .text.gspHardwareInit
                0x0010c904      0xc64 E:/Juegos-Software/devkitPro/libctru/lib\libctru.a(gspgpu.o)
 .text.gspInit  0x0010d568      0x248 E:/Juegos-Software/devkitPro/libctru/lib\libctru.a(gspgpu.o)
                0x0010d568                gspInit
 .text.gspExit  0x0010d7b0       0xf0 E:/Juegos-Software/devkitPro/libctru/lib\libctru.a(gspgpu.o)
                0x0010d7b0                gspExit
 .text.gspHasGpuRight
                0x0010d8a0       0x10 E:/Juegos-Software/devkitPro/libctru/lib\libctru.a(gspgpu.o)
                0x0010d8a0                gspHasGpuRight
 .text.gspPresentBuffer
                0x0010d8b0       0xa0 E:/Juegos-Software/devkitPro/libctru/lib\libctru.a(gspgpu.o)
                0x0010d8b0                gspPresentBuffer
 .text.gspSetEventCallback
                0x0010d950       0x30 E:/Juegos-Software/devkitPro/libctru/lib\libctru.a(gspgpu.o)
                0x0010d950                gspSetEventCallback
 .text.gspWaitForEvent
                0x0010d980       0x44 E:/Juegos-Software/devkitPro/libctru/lib\libctru.a(gspgpu.o)
                0x0010d980                gspWaitForEvent
 .text.gspWaitForAnyEvent
                0x0010d9c4       0x4c E:/Juegos-Software/devkitPro/libctru/lib\libctru.a(gspgpu.o)
                0x0010d9c4                gspWaitForAnyEvent
 .text.gspEventThreadMain
                0x0010da10      0x158 E:/Juegos-Software/devkitPro/libctru/lib\libctru.a(gspgpu.o)
 .text.gspSubmitGxCommand
                0x0010db68      0x130 E:/Juegos-Software/devkitPro/libctru/lib\libctru.a(gspgpu.o)
                0x0010db68                gspSubmitGxCommand
 .text.GSPGPU_FlushDataCache
                0x0010dc98       0x50 E:/Juegos-Software/devkitPro/libctru/lib\libctru.a(gspgpu.o)
                0x0010dc98                GSPGPU_FlushDataCache
 .text.GSPGPU_SetLcdForceBlack
                0x0010dce8       0x34 E:/Juegos-Software/devkitPro/libctru/lib\libctru.a(gspgpu.o)
                0x0010dce8                GSPGPU_SetLcdForceBlack
 .text.GSPGPU_AcquireRight
                0x0010dd1c       0x68 E:/Juegos-Software/devkitPro/libctru/lib\libctru.a(gspgpu.o)
                0x0010dd1c                GSPGPU_AcquireRight
 .text.GSPGPU_ReleaseRight
                0x0010dd84       0x48 E:/Juegos-Software/devkitPro/libctru/lib\libctru.a(gspgpu.o)
                0x0010dd84                GSPGPU_ReleaseRight
 .text.GSPGPU_ImportDisplayCaptureInfo
                0x0010ddcc       0x7c E:/Juegos-Software/devkitPro/libctru/lib\libctru.a(gspgpu.o)
                0x0010ddcc                GSPGPU_ImportDisplayCaptureInfo
 .text.GSPGPU_SaveVramSysArea
                0x0010de48       0x2c E:/Juegos-Software/devkitPro/libctru/lib\libctru.a(gspgpu.o)
                0x0010de48                GSPGPU_SaveVramSysArea
 .text.GSPGPU_RestoreVramSysArea
                0x0010de74       0x2c E:/Juegos-Software/devkitPro/libctru/lib\libctru.a(gspgpu.o)
                0x0010de74                GSPGPU_RestoreVramSysArea
 .text.hidShouldUseIrrst
                0x0010dea0       0x24 E:/Juegos-Software/devkitPro/libctru/lib\libctru.a(hid.o)
                0x0010dea0                hidShouldUseIrrst
 .text.hidInit  0x0010dec4      0x18c E:/Juegos-Software/devkitPro/libctru/lib\libctru.a(hid.o)
                0x0010dec4                hidInit
 .text.hidExit  0x0010e050       0xe8 E:/Juegos-Software/devkitPro/libctru/lib\libctru.a(hid.o)
                0x0010e050                hidExit
 .text.hidScanInput
                0x0010e138      0x2a4 E:/Juegos-Software/devkitPro/libctru/lib\libctru.a(hid.o)
                0x0010e138                hidScanInput
 .text.hidKeysHeld
                0x0010e3dc       0x10 E:/Juegos-Software/devkitPro/libctru/lib\libctru.a(hid.o)
                0x0010e3dc                hidKeysHeld
 .text.hidKeysDown
                0x0010e3ec       0x10 E:/Juegos-Software/devkitPro/libctru/lib\libctru.a(hid.o)
                0x0010e3ec                hidKeysDown
 .text.hidKeysDownRepeat
                0x0010e3fc       0x18 E:/Juegos-Software/devkitPro/libctru/lib\libctru.a(hid.o)
                0x0010e3fc                hidKeysDownRepeat
 .text.hidTouchRead
                0x0010e414       0x18 E:/Juegos-Software/devkitPro/libctru/lib\libctru.a(hid.o)
                0x0010e414                hidTouchRead
 .text.irrstInit
                0x0010e42c      0x160 E:/Juegos-Software/devkitPro/libctru/lib\libctru.a(irrst.o)
                0x0010e42c                irrstInit
 .text.irrstExit
                0x0010e58c       0xcc E:/Juegos-Software/devkitPro/libctru/lib\libctru.a(irrst.o)
                0x0010e58c                irrstExit
 .text.irrstScanInput
                0x0010e658       0xb4 E:/Juegos-Software/devkitPro/libctru/lib\libctru.a(irrst.o)
                0x0010e658                irrstScanInput
 .text.irrstKeysHeld
                0x0010e70c       0x24 E:/Juegos-Software/devkitPro/libctru/lib\libctru.a(irrst.o)
                0x0010e70c                irrstKeysHeld
 .text.ptmSysmInit
                0x0010e730       0x74 E:/Juegos-Software/devkitPro/libctru/lib\libctru.a(ptmsysm.o)
                0x0010e730                ptmSysmInit
 .text.ptmSysmExit
                0x0010e7a4       0x3c E:/Juegos-Software/devkitPro/libctru/lib\libctru.a(ptmsysm.o)
                0x0010e7a4                ptmSysmExit
 .text.PTMSYSM_ConfigureNew3DSCPU
                0x0010e7e0       0x34 E:/Juegos-Software/devkitPro/libctru/lib\libctru.a(ptmsysm.o)
                0x0010e7e0                PTMSYSM_ConfigureNew3DSCPU
 .text.buffer_read
                0x0010e814       0xc4 E:/Juegos-Software/devkitPro/libctru/lib\libctru.a(decompress.o)
 .text.iov_read
                0x0010e8d8       0xcc E:/Juegos-Software/devkitPro/libctru/lib\libctru.a(decompress.o)
 .text.iov_memmove
                0x0010e9a4      0x148 E:/Juegos-Software/devkitPro/libctru/lib\libctru.a(decompress.o)
 .text.decompress_rle
                0x0010eaec      0x1dc E:/Juegos-Software/devkitPro/libctru/lib\libctru.a(decompress.o)
 .text.decompress_lzss
                0x0010ecc8      0x244 E:/Juegos-Software/devkitPro/libctru/lib\libctru.a(decompress.o)
 .text.decompress_lz11
                0x0010ef0c      0x428 E:/Juegos-Software/devkitPro/libctru/lib\libctru.a(decompress.o)
 .text.decompress_huff
                0x0010f334      0x2d4 E:/Juegos-Software/devkitPro/libctru/lib\libctru.a(decompress.o)
 .text.decompressCallback_Stdio
                0x0010f608       0x10 E:/Juegos-Software/devkitPro/libctru/lib\libctru.a(decompress.o)
                0x0010f608                decompressCallback_Stdio
 .text.decompressHeader
                0x0010f618       0xdc E:/Juegos-Software/devkitPro/libctru/lib\libctru.a(decompress.o)
                0x0010f618                decompressHeader
 .text.decompressV
                0x0010f6f4      0x240 E:/Juegos-Software/devkitPro/libctru/lib\libctru.a(decompress.o)
                0x0010f6f4                decompressV
 .text.rbtree_find
                0x0010f934       0x74 E:/Juegos-Software/devkitPro/libctru/lib\libctru.a(rbtree_find.o)
                0x0010f934                rbtree_find
 .text.rbtree_init
                0x0010f9a8       0x10 E:/Juegos-Software/devkitPro/libctru/lib\libctru.a(rbtree_init.o)
                0x0010f9a8                rbtree_init
 .text.do_insert
                0x0010f9b8      0x1b0 E:/Juegos-Software/devkitPro/libctru/lib\libctru.a(rbtree_insert.o)
 .text.rbtree_insert
                0x0010fb68        0x8 E:/Juegos-Software/devkitPro/libctru/lib\libctru.a(rbtree_insert.o)
                0x0010fb68                rbtree_insert
 .text.rbtree_remove
                0x0010fb70      0x318 E:/Juegos-Software/devkitPro/libctru/lib\libctru.a(rbtree_remove.o)
                0x0010fb70                rbtree_remove
 .text.rbtree_rotate
                0x0010fe88       0x90 E:/Juegos-Software/devkitPro/libctru/lib\libctru.a(rbtree_rotate.o)
                0x0010fe88                rbtree_rotate
 .text.utf16_to_utf8
                0x0010ff18       0xe8 E:/Juegos-Software/devkitPro/libctru/lib\libctru.a(utf16_to_utf8.o)
                0x0010ff18                utf16_to_utf8
 .text.utf8_to_utf16
                0x00110000       0xc0 E:/Juegos-Software/devkitPro/libctru/lib\libctru.a(utf8_to_utf16.o)
                0x00110000                utf8_to_utf16
 .text.__system_allocateHeaps
                0x001100c0      0x1e0 E:/Juegos-Software/devkitPro/libctru/lib\libctru.a(allocateHeaps.o)
                0x001100c0                __system_allocateHeaps
 .text.__libctru_init
                0x001102a0       0x38 E:/Juegos-Software/devkitPro/libctru/lib\libctru.a(ctru_init.o)
                0x001102a0                __libctru_init
 .text.__system_initArgv
                0x001102d8      0x170 E:/Juegos-Software/devkitPro/libctru/lib\libctru.a(initArgv.o)
                0x001102d8                __system_initArgv
 .text.__syscall_getreent
                0x00110448       0x30 E:/Juegos-Software/devkitPro/libctru/lib\libctru.a(syscalls.o)
                0x00110448                __syscall_getreent
 .text.__syscall_gettod_r
                0x00110478       0x64 E:/Juegos-Software/devkitPro/libctru/lib\libctru.a(syscalls.o)
                0x00110478                __syscall_gettod_r
 .text.__syscall_lock_acquire
                0x001104dc        0x4 E:/Juegos-Software/devkitPro/libctru/lib\libctru.a(syscalls.o)
                0x001104dc                __syscall_lock_acquire
 .text.__syscall_lock_release
                0x001104e0        0x4 E:/Juegos-Software/devkitPro/libctru/lib\libctru.a(syscalls.o)
                0x001104e0                __syscall_lock_release
 .text.__syscall_lock_acquire_recursive
                0x001104e4        0x4 E:/Juegos-Software/devkitPro/libctru/lib\libctru.a(syscalls.o)
                0x001104e4                __syscall_lock_acquire_recursive
 .text.__syscall_lock_release_recursive
                0x001104e8        0x4 E:/Juegos-Software/devkitPro/libctru/lib\libctru.a(syscalls.o)
                0x001104e8                __syscall_lock_release_recursive
 .text.__syscall_exit
                0x001104ec        0x4 E:/Juegos-Software/devkitPro/libctru/lib\libctru.a(syscalls.o)
                0x001104ec                __syscall_exit
 .text.initThreadVars
                0x001104f0       0x50 E:/Juegos-Software/devkitPro/libctru/lib\libctru.a(syscalls.o)
                0x001104f0                initThreadVars
 .text.__system_initSyscalls
                0x00110540       0x80 E:/Juegos-Software/devkitPro/libctru/lib\libctru.a(syscalls.o)
                0x00110540                __system_initSyscalls
 .text.svcControlMemory
                0x001105c0       0x20 E:/Juegos-Software/devkitPro/libctru/lib\libctru.a(svc.o)
                0x001105c0                svcControlMemory
 .text.svcQueryMemory
                0x001105e0       0x30 E:/Juegos-Software/devkitPro/libctru/lib\libctru.a(svc.o)
                0x001105e0                svcQueryMemory
 .text.svcExitProcess
                0x00110610        0x8 E:/Juegos-Software/devkitPro/libctru/lib\libctru.a(svc.o)
                0x00110610                svcExitProcess
 .text.svcCreateThread
                0x00110618       0x20 E:/Juegos-Software/devkitPro/libctru/lib\libctru.a(svc.o)
                0x00110618                svcCreateThread
 .text.svcExitThread
                0x00110638        0x8 E:/Juegos-Software/devkitPro/libctru/lib\libctru.a(svc.o)
                0x00110638                svcExitThread
 .text.svcSleepThread
                0x00110640        0x8 E:/Juegos-Software/devkitPro/libctru/lib\libctru.a(svc.o)
                0x00110640                svcSleepThread
 .text.svcReleaseMutex
                0x00110648        0x8 E:/Juegos-Software/devkitPro/libctru/lib\libctru.a(svc.o)
                0x00110648                svcReleaseMutex
 .text.svcCreateEvent
                0x00110650       0x14 E:/Juegos-Software/devkitPro/libctru/lib\libctru.a(svc.o)
                0x00110650                svcCreateEvent
 .text.svcSignalEvent
                0x00110664        0x8 E:/Juegos-Software/devkitPro/libctru/lib\libctru.a(svc.o)
                0x00110664                svcSignalEvent
 .text.svcClearEvent
                0x0011066c        0x8 E:/Juegos-Software/devkitPro/libctru/lib\libctru.a(svc.o)
                0x0011066c                svcClearEvent
 .text.svcMapMemoryBlock
                0x00110674        0x8 E:/Juegos-Software/devkitPro/libctru/lib\libctru.a(svc.o)
                0x00110674                svcMapMemoryBlock
 .text.svcUnmapMemoryBlock
                0x0011067c        0x8 E:/Juegos-Software/devkitPro/libctru/lib\libctru.a(svc.o)
                0x0011067c                svcUnmapMemoryBlock
 .text.svcCreateAddressArbiter
                0x00110684       0x14 E:/Juegos-Software/devkitPro/libctru/lib\libctru.a(svc.o)
                0x00110684                svcCreateAddressArbiter
 .text.svcArbitrateAddressNoTimeout
                0x00110698        0x8 E:/Juegos-Software/devkitPro/libctru/lib\libctru.a(svc.o)
                0x00110698                svcArbitrateAddressNoTimeout
 .text.svcCloseHandle
                0x001106a0        0x8 E:/Juegos-Software/devkitPro/libctru/lib\libctru.a(svc.o)
                0x001106a0                svcCloseHandle
 .text.svcWaitSynchronization
                0x001106a8        0x8 E:/Juegos-Software/devkitPro/libctru/lib\libctru.a(svc.o)
                0x001106a8                svcWaitSynchronization
 .text.svcWaitSynchronizationN
                0x001106b0       0x28 E:/Juegos-Software/devkitPro/libctru/lib\libctru.a(svc.o)
                0x001106b0                svcWaitSynchronizationN
 .text.svcDuplicateHandle
                0x001106d8       0x14 E:/Juegos-Software/devkitPro/libctru/lib\libctru.a(svc.o)
                0x001106d8                svcDuplicateHandle
 .text.svcGetSystemTick
                0x001106ec        0x8 E:/Juegos-Software/devkitPro/libctru/lib\libctru.a(svc.o)
                0x001106ec                svcGetSystemTick
 .text.svcConnectToPort
                0x001106f4       0x14 E:/Juegos-Software/devkitPro/libctru/lib\libctru.a(svc.o)
                0x001106f4                svcConnectToPort
 .text.svcSendSyncRequest
                0x00110708        0x8 E:/Juegos-Software/devkitPro/libctru/lib\libctru.a(svc.o)
                0x00110708                svcSendSyncRequest
 .text.svcGetResourceLimit
                0x00110710       0x14 E:/Juegos-Software/devkitPro/libctru/lib\libctru.a(svc.o)
                0x00110710                svcGetResourceLimit
 .text.svcGetResourceLimitLimitValues
                0x00110724        0x8 E:/Juegos-Software/devkitPro/libctru/lib\libctru.a(svc.o)
                0x00110724                svcGetResourceLimitLimitValues
 .text.svcGetResourceLimitCurrentValues
                0x0011072c        0x8 E:/Juegos-Software/devkitPro/libctru/lib\libctru.a(svc.o)
                0x0011072c                svcGetResourceLimitCurrentValues
 .text.svcBreak
                0x00110734        0x8 E:/Juegos-Software/devkitPro/libctru/lib\libctru.a(svc.o)
                0x00110734                svcBreak
 .text.__aeabi_read_tp
                0x0011073c        0xc E:/Juegos-Software/devkitPro/libctru/lib\libctru.a(readtp.o)
                0x0011073c                __aeabi_read_tp
 .text.initSystem
                0x00110748       0x50 E:/Juegos-Software/devkitPro/libctru/lib\libctru.a(stack_adjust.o)
                0x00110748                initSystem
 .text.__ctru_exit
                0x00110798       0x14 E:/Juegos-Software/devkitPro/libctru/lib\libctru.a(stack_adjust.o)
                0x00110798                __ctru_exit
 .text.envGetHandle
                0x001107ac       0x84 E:/Juegos-Software/devkitPro/libctru/lib\libctru.a(env.o)
                0x001107ac                envGetHandle
 .text.envDestroyHandles
                0x00110830       0x50 E:/Juegos-Software/devkitPro/libctru/lib\libctru.a(env.o)
                0x00110830                envDestroyHandles
 .text.srvInit  0x00110880      0x12c E:/Juegos-Software/devkitPro/libctru/lib\libctru.a(srv.o)
                0x00110880                srvInit
 .text.srvExit  0x001109ac       0x58 E:/Juegos-Software/devkitPro/libctru/lib\libctru.a(srv.o)
                0x001109ac                srvExit
 .text.srvEnableNotification
                0x00110a04       0x60 E:/Juegos-Software/devkitPro/libctru/lib\libctru.a(srv.o)
                0x00110a04                srvEnableNotification
 .text.srvGetServiceHandleDirect
                0x00110a64       0xa0 E:/Juegos-Software/devkitPro/libctru/lib\libctru.a(srv.o)
                0x00110a64                srvGetServiceHandleDirect
 .text.srvGetServiceHandle
                0x00110b04       0x38 E:/Juegos-Software/devkitPro/libctru/lib\libctru.a(srv.o)
                0x00110b04                srvGetServiceHandle
 .text.srvSubscribe
                0x00110b3c       0x34 E:/Juegos-Software/devkitPro/libctru/lib\libctru.a(srv.o)
                0x00110b3c                srvSubscribe
 .text.srvReceiveNotification
                0x00110b70       0x60 E:/Juegos-Software/devkitPro/libctru/lib\libctru.a(srv.o)
                0x00110b70                srvReceiveNotification
 .text.srvPublishToSubscriber
                0x00110bd0       0x38 E:/Juegos-Software/devkitPro/libctru/lib\libctru.a(srv.o)
                0x00110bd0                srvPublishToSubscriber
 .text.__sync_init
                0x00110c08        0xc E:/Juegos-Software/devkitPro/libctru/lib\libctru.a(synchronization.o)
                0x00110c08                __sync_init
 .text.__sync_fini
                0x00110c14       0x18 E:/Juegos-Software/devkitPro/libctru/lib\libctru.a(synchronization.o)
                0x00110c14                __sync_fini
 .text.syncArbitrateAddress
                0x00110c2c       0x2c E:/Juegos-Software/devkitPro/libctru/lib\libctru.a(synchronization.o)
                0x00110c2c                syncArbitrateAddress
 .text.LightLock_Lock
                0x00110c58       0xac E:/Juegos-Software/devkitPro/libctru/lib\libctru.a(synchronization.o)
                0x00110c58                LightLock_Lock
 .text.LightLock_Unlock
                0x00110d04       0x40 E:/Juegos-Software/devkitPro/libctru/lib\libctru.a(synchronization.o)
                0x00110d04                LightLock_Unlock
 .text.RecursiveLock_Lock
                0x00110d44       0x30 E:/Juegos-Software/devkitPro/libctru/lib\libctru.a(synchronization.o)
                0x00110d44                RecursiveLock_Lock
 .text.RecursiveLock_Unlock
                0x00110d74       0x54 E:/Juegos-Software/devkitPro/libctru/lib\libctru.a(synchronization.o)
                0x00110d74                RecursiveLock_Unlock
 .text.LightEvent_Init
                0x00110dc8       0x40 E:/Juegos-Software/devkitPro/libctru/lib\libctru.a(synchronization.o)
                0x00110dc8                LightEvent_Init
 .text.LightEvent_Clear
                0x00110e08       0xa4 E:/Juegos-Software/devkitPro/libctru/lib\libctru.a(synchronization.o)
                0x00110e08                LightEvent_Clear
 .text.LightEvent_Signal
                0x00110eac       0xc8 E:/Juegos-Software/devkitPro/libctru/lib\libctru.a(synchronization.o)
                0x00110eac                LightEvent_Signal
 .text.LightEvent_TryWait
                0x00110f74       0x50 E:/Juegos-Software/devkitPro/libctru/lib\libctru.a(synchronization.o)
                0x00110f74                LightEvent_TryWait
 .text.LightEvent_Wait
                0x00110fc4       0xa0 E:/Juegos-Software/devkitPro/libctru/lib\libctru.a(synchronization.o)
                0x00110fc4                LightEvent_Wait
 .text.threadCreate
                0x00111064      0x1d8 E:/Juegos-Software/devkitPro/libctru/lib\libctru.a(thread.o)
                0x00111064                threadCreate
 .text.threadFree
                0x0011123c       0x2c E:/Juegos-Software/devkitPro/libctru/lib\libctru.a(thread.o)
                0x0011123c                threadFree
 .text.threadJoin
                0x00111268       0x24 E:/Juegos-Software/devkitPro/libctru/lib\libctru.a(thread.o)
                0x00111268                threadJoin
 .text.threadGetCurrent
                0x0011128c       0x30 E:/Juegos-Software/devkitPro/libctru/lib\libctru.a(thread.o)
                0x0011128c                threadGetCurrent
 .text.threadExit
                0x001112bc       0x40 E:/Juegos-Software/devkitPro/libctru/lib\libctru.a(thread.o)
                0x001112bc                threadExit
 .text._thread_begin
                0x001112fc       0x20 E:/Juegos-Software/devkitPro/libctru/lib\libctru.a(thread.o)
 .text.mappableFindAddressWithin
                0x0011131c       0xb4 E:/Juegos-Software/devkitPro/libctru/lib\libctru.a(mappable.o)
 .text.mappableInit
                0x001113d0       0x28 E:/Juegos-Software/devkitPro/libctru/lib\libctru.a(mappable.o)
                0x001113d0                mappableInit
 .text.mappableAlloc
                0x001113f8       0x80 E:/Juegos-Software/devkitPro/libctru/lib\libctru.a(mappable.o)
                0x001113f8                mappableAlloc
 .text.mappableFree
                0x00111478        0x4 E:/Juegos-Software/devkitPro/libctru/lib\libctru.a(mappable.o)
                0x00111478                mappableFree
 .text.srvPmGetSessionHandle
                0x0011147c        0xc E:/Juegos-Software/devkitPro/libctru/lib\libctru.a(srvpm.o)
                0x0011147c                srvPmGetSessionHandle
 .text.rbtree_node_next
                0x00111488       0x5c E:/Juegos-Software/devkitPro/libctru/lib\libctru.a(rbtree_iterator.o)
                0x00111488                rbtree_node_next
 .text.decode_utf16
                0x001114e4       0x64 E:/Juegos-Software/devkitPro/libctru/lib\libctru.a(decode_utf16.o)
                0x001114e4                decode_utf16
 .text.decode_utf8
                0x00111548      0x13c E:/Juegos-Software/devkitPro/libctru/lib\libctru.a(decode_utf8.o)
                0x00111548                decode_utf8
 .text.encode_utf16
                0x00111684       0x54 E:/Juegos-Software/devkitPro/libctru/lib\libctru.a(encode_utf16.o)
                0x00111684                encode_utf16
 .text.encode_utf8
                0x001116d8       0xe0 E:/Juegos-Software/devkitPro/libctru/lib\libctru.a(encode_utf8.o)
                0x001116d8                encode_utf8
 .text.__appExit
                0x001117b8       0x30 E:/Juegos-Software/devkitPro/libctru/lib\libctru.a(appExit.o)
                0x001117b8                __appExit
 .text.__appInit
                0x001117e8       0x30 E:/Juegos-Software/devkitPro/libctru/lib\libctru.a(appInit.o)
                0x001117e8                __appInit
 .text.__libctru_exit
                0x00111818       0x90 E:/Juegos-Software/devkitPro/libctru/lib\libctru.a(ctru_exit.o)
                0x00111818                __libctru_exit
 .text.archive_link
                0x001118a8       0x14 E:/Juegos-Software/devkitPro/libctru/lib\libctru.a(archive_dev.o)
 .text.archive_dirreset
                0x001118bc       0x14 E:/Juegos-Software/devkitPro/libctru/lib\libctru.a(archive_dev.o)
 .text.archive_chmod
                0x001118d0       0x14 E:/Juegos-Software/devkitPro/libctru/lib\libctru.a(archive_dev.o)
 .text.error_cmp
                0x001118e4       0x24 E:/Juegos-Software/devkitPro/libctru/lib\libctru.a(archive_dev.o)
 .text.archive_translate_error
                0x00111908       0x50 E:/Juegos-Software/devkitPro/libctru/lib\libctru.a(archive_dev.o)
 .text.archive_seek
                0x00111958       0xc8 E:/Juegos-Software/devkitPro/libctru/lib\libctru.a(archive_dev.o)
 .text._archiveInit.part.0
                0x00111a20       0x7c E:/Juegos-Software/devkitPro/libctru/lib\libctru.a(archive_dev.o)
 .text.archiveFindDevice.part.0
                0x00111a9c       0xc4 E:/Juegos-Software/devkitPro/libctru/lib\libctru.a(archive_dev.o)
 .text.archive_utf16path
                0x00111b60      0x280 E:/Juegos-Software/devkitPro/libctru/lib\libctru.a(archive_dev.o)
 .text._archiveUnmountDeviceStruct.part.0
                0x00111de0       0x9c E:/Juegos-Software/devkitPro/libctru/lib\libctru.a(archive_dev.o)
 .text.archive_fchmod
                0x00111e7c       0x14 E:/Juegos-Software/devkitPro/libctru/lib\libctru.a(archive_dev.o)
 .text.archive_statvfs
                0x00111e90       0x14 E:/Juegos-Software/devkitPro/libctru/lib\libctru.a(archive_dev.o)
 .text._archiveMountDevice
                0x00111ea4      0x164 E:/Juegos-Software/devkitPro/libctru/lib\libctru.a(archive_dev.o)
 .text.archive_diropen
                0x00112008       0xe8 E:/Juegos-Software/devkitPro/libctru/lib\libctru.a(archive_dev.o)
 .text.archive_fstat
                0x001120f0       0xa4 E:/Juegos-Software/devkitPro/libctru/lib\libctru.a(archive_dev.o)
 .text.archive_fsync
                0x00112194       0x6c E:/Juegos-Software/devkitPro/libctru/lib\libctru.a(archive_dev.o)
 .text.archive_close
                0x00112200       0x6c E:/Juegos-Software/devkitPro/libctru/lib\libctru.a(archive_dev.o)
 .text.archive_dirclose
                0x0011226c       0x70 E:/Juegos-Software/devkitPro/libctru/lib\libctru.a(archive_dev.o)
 .text.sdmc_statvfs
                0x001122dc       0xe8 E:/Juegos-Software/devkitPro/libctru/lib\libctru.a(archive_dev.o)
 .text.archive_chdir
                0x001123c4       0xec E:/Juegos-Software/devkitPro/libctru/lib\libctru.a(archive_dev.o)
 .text.archive_ftruncate
                0x001124b0       0x7c E:/Juegos-Software/devkitPro/libctru/lib\libctru.a(archive_dev.o)
 .text.archive_read
                0x0011252c       0xac E:/Juegos-Software/devkitPro/libctru/lib\libctru.a(archive_dev.o)
 .text.archive_unlink
                0x001125d8       0xa4 E:/Juegos-Software/devkitPro/libctru/lib\libctru.a(archive_dev.o)
 .text.archive_rmdir
                0x0011267c       0xbc E:/Juegos-Software/devkitPro/libctru/lib\libctru.a(archive_dev.o)
 .text.archive_mkdir
                0x00112738       0xdc E:/Juegos-Software/devkitPro/libctru/lib\libctru.a(archive_dev.o)
 .text.archive_stat
                0x00112814      0x194 E:/Juegos-Software/devkitPro/libctru/lib\libctru.a(archive_dev.o)
 .text.archive_dirnext
                0x001129a8      0x160 E:/Juegos-Software/devkitPro/libctru/lib\libctru.a(archive_dev.o)
 .text.archive_write
                0x00112b08      0x124 E:/Juegos-Software/devkitPro/libctru/lib\libctru.a(archive_dev.o)
 .text.archive_open
                0x00112c2c      0x20c E:/Juegos-Software/devkitPro/libctru/lib\libctru.a(archive_dev.o)
 .text.archive_rename
                0x00112e38      0x278 E:/Juegos-Software/devkitPro/libctru/lib\libctru.a(archive_dev.o)
 .text.archiveMountSdmc
                0x001130b0      0x19c E:/Juegos-Software/devkitPro/libctru/lib\libctru.a(archive_dev.o)
                0x001130b0                archiveMountSdmc
 .text.archiveUnmountAll
                0x0011324c       0x54 E:/Juegos-Software/devkitPro/libctru/lib\libctru.a(archive_dev.o)
                0x0011324c                archiveUnmountAll
 .text.sinf     0x001132a0      0x25c E:/Juegos-Software/devkitPro/devkitARM/bin/../lib/gcc/arm-none-eabi/14.1.0/../../../../arm-none-eabi/lib/armv6k/fpu\libm.a(libm_a-sinf.o)
                0x001132a0                sinf
 .text.sqrtf    0x001134fc       0x50 E:/Juegos-Software/devkitPro/devkitARM/bin/../lib/gcc/arm-none-eabi/14.1.0/../../../../arm-none-eabi/lib/armv6k/fpu\libm.a(libm_a-wf_sqrt.o)
                0x001134fc                sqrtf
 .text.with_errnof
                0x0011354c       0x24 E:/Juegos-Software/devkitPro/devkitARM/bin/../lib/gcc/arm-none-eabi/14.1.0/../../../../arm-none-eabi/lib/armv6k/fpu\libm.a(libm_a-math_errf.o)
 .text.__math_invalidf
                0x00113570       0x1c E:/Juegos-Software/devkitPro/devkitARM/bin/../lib/gcc/arm-none-eabi/14.1.0/../../../../arm-none-eabi/lib/armv6k/fpu\libm.a(libm_a-math_errf.o)
                0x00113570                __math_invalidf
 *fill*         0x0011358c        0x4 
 .text.cosf     0x00113590      0x21c E:/Juegos-Software/devkitPro/devkitARM/bin/../lib/gcc/arm-none-eabi/14.1.0/../../../../arm-none-eabi/lib/armv6k/fpu\libm.a(libm_a-cosf.o)
                0x00113590                cosf
 .text.__ieee754_sqrtf
                0x001137ac        0x8 E:/Juegos-Software/devkitPro/devkitARM/bin/../lib/gcc/arm-none-eabi/14.1.0/../../../../arm-none-eabi/lib/armv6k/fpu\libm.a(libm_a-ef_sqrt.o)
                0x001137ac                __ieee754_sqrtf
 .text.__udivmoddi4
                0x001137b4      0x120 E:/Juegos-Software/devkitPro/devkitARM/bin/../lib/gcc/arm-none-eabi/14.1.0/armv6k/fpu\libgcc.a(_udivmoddi4.o)
                0x001137b4                __udivmoddi4
 .text.strncmp  0x001138d4       0xd8 E:/Juegos-Software/devkitPro/devkitARM/bin/../lib/gcc/arm-none-eabi/14.1.0/../../../../arm-none-eabi/lib/armv6k/fpu\libg.a(libc_a-strncmp.o)
                0x001138d4                strncmp
 .text.strchr   0x001139ac      0x130 E:/Juegos-Software/devkitPro/devkitARM/bin/../lib/gcc/arm-none-eabi/14.1.0/../../../../arm-none-eabi/lib/armv6k/fpu\libg.a(libc_a-strchr.o)
                0x001139ac                strchr
 .text.srand    0x00113adc       0x1c E:/Juegos-Software/devkitPro/devkitARM/bin/../lib/gcc/arm-none-eabi/14.1.0/../../../../arm-none-eabi/lib/armv6k/fpu\libg.a(libc_a-rand.o)
                0x00113adc                srand
 .text.rand     0x00113af8       0x44 E:/Juegos-Software/devkitPro/devkitARM/bin/../lib/gcc/arm-none-eabi/14.1.0/../../../../arm-none-eabi/lib/armv6k/fpu\libg.a(libc_a-rand.o)
                0x00113af8                rand
 .text.strlen   0x00113b3c       0x5c E:/Juegos-Software/devkitPro/devkitARM/bin/../lib/gcc/arm-none-eabi/14.1.0/../../../../arm-none-eabi/lib/armv6k/fpu\libg.a(libc_a-strlen-stub.o)
                0x00113b3c                strlen
 .text.memcmp   0x00113b98       0xd4 E:/Juegos-Software/devkitPro/devkitARM/bin/../lib/gcc/arm-none-eabi/14.1.0/../../../../arm-none-eabi/lib/armv6k/fpu\libg.a(libc_a-memcmp.o)
                0x00113b98                memcmp
 .text._strtoul_l.isra.0
                0x00113c6c      0x1e4 E:/Juegos-Software/devkitPro/devkitARM/bin/../lib/gcc/arm-none-eabi/14.1.0/../../../../arm-none-eabi/lib/armv6k/fpu\libg.a(libc_a-strtoul.o)
 .text.strtoul  0x00113e50       0x34 E:/Juegos-Software/devkitPro/devkitARM/bin/../lib/gcc/arm-none-eabi/14.1.0/../../../../arm-none-eabi/lib/armv6k/fpu\libg.a(libc_a-strtoul.o)
                0x00113e50                strtoul
 .text.strncat  0x00113e84       0xe4 E:/Juegos-Software/devkitPro/devkitARM/bin/../lib/gcc/arm-none-eabi/14.1.0/../../../../arm-none-eabi/lib/armv6k/fpu\libg.a(libc_a-strncat.o)
                0x00113e84                strncat
 .text.bsearch  0x00113f68       0x78 E:/Juegos-Software/devkitPro/devkitARM/bin/../lib/gcc/arm-none-eabi/14.1.0/../../../../arm-none-eabi/lib/armv6k/fpu\libg.a(libc_a-bsearch.o)
                0x00113f68                bsearch
 .text._fread_r
                0x00113fe0      0x344 E:/Juegos-Software/devkitPro/devkitARM/bin/../lib/gcc/arm-none-eabi/14.1.0/../../../../arm-none-eabi/lib/armv6k/fpu\libg.a(libc_a-fread.o)
                0x00113fe0                _fread_r
 .text.fread    0x00114324       0x38 E:/Juegos-Software/devkitPro/devkitARM/bin/../lib/gcc/arm-none-eabi/14.1.0/../../../../arm-none-eabi/lib/armv6k/fpu\libg.a(libc_a-fread.o)
                0x00114324                fread
 .text.calloc   0x0011435c       0x20 E:/Juegos-Software/devkitPro/devkitARM/bin/../lib/gcc/arm-none-eabi/14.1.0/../../../../arm-none-eabi/lib/armv6k/fpu\libg.a(libc_a-calloc.o)
                0x0011435c                calloc
 .text.lflush   0x0011437c       0x38 E:/Juegos-Software/devkitPro/devkitARM/bin/../lib/gcc/arm-none-eabi/14.1.0/../../../../arm-none-eabi/lib/armv6k/fpu\libg.a(libc_a-refill.o)
 .text.__srefill_r
                0x001143b4      0x19c E:/Juegos-Software/devkitPro/devkitARM/bin/../lib/gcc/arm-none-eabi/14.1.0/../../../../arm-none-eabi/lib/armv6k/fpu\libg.a(libc_a-refill.o)
                0x001143b4                __srefill_r
 .text._fclose_r
                0x00114550      0x148 E:/Juegos-Software/devkitPro/devkitARM/bin/../lib/gcc/arm-none-eabi/14.1.0/../../../../arm-none-eabi/lib/armv6k/fpu\libg.a(libc_a-fclose.o)
                0x00114550                _fclose_r
 .text.fclose   0x00114698       0x18 E:/Juegos-Software/devkitPro/devkitARM/bin/../lib/gcc/arm-none-eabi/14.1.0/../../../../arm-none-eabi/lib/armv6k/fpu\libg.a(libc_a-fclose.o)
                0x00114698                fclose
 .text._calloc_r
                0x001146b0       0xc0 E:/Juegos-Software/devkitPro/devkitARM/bin/../lib/gcc/arm-none-eabi/14.1.0/../../../../arm-none-eabi/lib/armv6k/fpu\libg.a(libc_a-callocr.o)
                0x001146b0                _calloc_r
 .text.__smakebuf_r
                0x00114770      0x144 E:/Juegos-Software/devkitPro/devkitARM/bin/../lib/gcc/arm-none-eabi/14.1.0/../../../../arm-none-eabi/lib/armv6k/fpu\libg.a(libc_a-makebuf.o)
                0x00114770                __smakebuf_r
 .text.__swhatbuf_r
                0x001148b4       0x8c E:/Juegos-Software/devkitPro/devkitARM/bin/../lib/gcc/arm-none-eabi/14.1.0/../../../../arm-none-eabi/lib/armv6k/fpu\libg.a(libc_a-makebuf.o)
                0x001148b4                __swhatbuf_r
 .text.memalign
                0x00114940       0x20 E:/Juegos-Software/devkitPro/devkitARM/bin/../lib/gcc/arm-none-eabi/14.1.0/../../../../arm-none-eabi/lib/armv6k/fpu\libg.a(libc_a-malign.o)
                0x00114940                memalign
 .text.stdio_exit_handler
                0x00114960       0x1c E:/Juegos-Software/devkitPro/devkitARM/bin/../lib/gcc/arm-none-eabi/14.1.0/../../../../arm-none-eabi/lib/armv6k/fpu\libg.a(libc_a-findfp.o)
 .text.cleanup_stdio
                0x0011497c       0x5c E:/Juegos-Software/devkitPro/devkitARM/bin/../lib/gcc/arm-none-eabi/14.1.0/../../../../arm-none-eabi/lib/armv6k/fpu\libg.a(libc_a-findfp.o)
 .text.global_stdio_init.part.0
                0x001149d8      0x154 E:/Juegos-Software/devkitPro/devkitARM/bin/../lib/gcc/arm-none-eabi/14.1.0/../../../../arm-none-eabi/lib/armv6k/fpu\libg.a(libc_a-findfp.o)
 .text.__sfp    0x00114b2c      0x134 E:/Juegos-Software/devkitPro/devkitARM/bin/../lib/gcc/arm-none-eabi/14.1.0/../../../../arm-none-eabi/lib/armv6k/fpu\libg.a(libc_a-findfp.o)
                0x00114b2c                __sfp
 .text.__sinit  0x00114c60       0x5c E:/Juegos-Software/devkitPro/devkitARM/bin/../lib/gcc/arm-none-eabi/14.1.0/../../../../arm-none-eabi/lib/armv6k/fpu\libg.a(libc_a-findfp.o)
                0x00114c60                __sinit
 .text.__sfp_lock_acquire
                0x00114cbc        0xc E:/Juegos-Software/devkitPro/devkitARM/bin/../lib/gcc/arm-none-eabi/14.1.0/../../../../arm-none-eabi/lib/armv6k/fpu\libg.a(libc_a-findfp.o)
                0x00114cbc                __sfp_lock_acquire
 .text.__sfp_lock_release
                0x00114cc8        0xc E:/Juegos-Software/devkitPro/devkitARM/bin/../lib/gcc/arm-none-eabi/14.1.0/../../../../arm-none-eabi/lib/armv6k/fpu\libg.a(libc_a-findfp.o)
                0x00114cc8                __sfp_lock_release
 .text._malloc_r
                0x00114cd4      0x7e8 E:/Juegos-Software/devkitPro/devkitARM/bin/../lib/gcc/arm-none-eabi/14.1.0/../../../../arm-none-eabi/lib/armv6k/fpu\libg.a(libc_a-mallocr.o)
                0x00114cd4                _malloc_r
 .text._malloc_trim_r
                0x001154bc       0xf8 E:/Juegos-Software/devkitPro/devkitARM/bin/../lib/gcc/arm-none-eabi/14.1.0/../../../../arm-none-eabi/lib/armv6k/fpu\libg.a(libc_a-freer.o)
                0x001154bc                _malloc_trim_r
 .text._free_r  0x001155b4      0x300 E:/Juegos-Software/devkitPro/devkitARM/bin/../lib/gcc/arm-none-eabi/14.1.0/../../../../arm-none-eabi/lib/armv6k/fpu\libg.a(libc_a-freer.o)
                0x001155b4                _free_r
 .text.difftime
                0x001158b4       0x18 E:/Juegos-Software/devkitPro/devkitARM/bin/../lib/gcc/arm-none-eabi/14.1.0/../../../../arm-none-eabi/lib/armv6k/fpu\libg.a(libc_a-difftime.o)
                0x001158b4                difftime
 .text.setvbuf  0x001158cc      0x294 E:/Juegos-Software/devkitPro/devkitARM/bin/../lib/gcc/arm-none-eabi/14.1.0/../../../../arm-none-eabi/lib/armv6k/fpu\libg.a(libc_a-setvbuf.o)
                0x001158cc                setvbuf
 .text.strnlen  0x00115b60       0x4c E:/Juegos-Software/devkitPro/devkitARM/bin/../lib/gcc/arm-none-eabi/14.1.0/../../../../arm-none-eabi/lib/armv6k/fpu\libg.a(libc_a-strnlen.o)
                0x00115b60                strnlen
 .text.__errno  0x00115bac        0xc E:/Juegos-Software/devkitPro/devkitARM/bin/../lib/gcc/arm-none-eabi/14.1.0/../../../../arm-none-eabi/lib/armv6k/fpu\libg.a(libc_a-errno.o)
                0x00115bac                __errno
 .text.malloc   0x00115bb8       0x34 E:/Juegos-Software/devkitPro/devkitARM/bin/../lib/gcc/arm-none-eabi/14.1.0/../../../../arm-none-eabi/lib/armv6k/fpu\libg.a(libc_a-malloc.o)
                0x00115bb8                malloc
 .text.free     0x00115bec       0x18 E:/Juegos-Software/devkitPro/devkitARM/bin/../lib/gcc/arm-none-eabi/14.1.0/../../../../arm-none-eabi/lib/armv6k/fpu\libg.a(libc_a-malloc.o)
                0x00115bec                free
 .text.memcpy   0x00115c04      0x130 E:/Juegos-Software/devkitPro/devkitARM/bin/../lib/gcc/arm-none-eabi/14.1.0/../../../../arm-none-eabi/lib/armv6k/fpu\libg.a(libc_a-memcpy-stub.o)
                0x00115c04                memcpy
 .text.printf   0x00115d34       0x34 E:/Juegos-Software/devkitPro/devkitARM/bin/../lib/gcc/arm-none-eabi/14.1.0/../../../../arm-none-eabi/lib/armv6k/fpu\libg.a(libc_a-printf.o)
                0x00115d34                printf
 .text._fopen_r
                0x00115d68      0x134 E:/Juegos-Software/devkitPro/devkitARM/bin/../lib/gcc/arm-none-eabi/14.1.0/../../../../arm-none-eabi/lib/armv6k/fpu\libg.a(libc_a-fopen.o)
                0x00115d68                _fopen_r
 .text.fopen    0x00115e9c       0x20 E:/Juegos-Software/devkitPro/devkitARM/bin/../lib/gcc/arm-none-eabi/14.1.0/../../../../arm-none-eabi/lib/armv6k/fpu\libg.a(libc_a-fopen.o)
                0x00115e9c                fopen
 .text.time     0x00115ebc       0x4c E:/Juegos-Software/devkitPro/devkitARM/bin/../lib/gcc/arm-none-eabi/14.1.0/../../../../arm-none-eabi/lib/armv6k/fpu\libg.a(libc_a-time.o)
                0x00115ebc                time
 .text.memset   0x00115f08       0xe8 E:/Juegos-Software/devkitPro/devkitARM/bin/../lib/gcc/arm-none-eabi/14.1.0/../../../../arm-none-eabi/lib/armv6k/fpu\libg.a(libc_a-memset.o)
                0x00115f08                memset
 .text._fwalk_sglue
                0x00115ff0       0x70 E:/Juegos-Software/devkitPro/devkitARM/bin/../lib/gcc/arm-none-eabi/14.1.0/../../../../arm-none-eabi/lib/armv6k/fpu\libg.a(libc_a-fwalk.o)
                0x00115ff0                _fwalk_sglue
 .text.__malloc_lock
                0x00116060        0xc E:/Juegos-Software/devkitPro/devkitARM/bin/../lib/gcc/arm-none-eabi/14.1.0/../../../../arm-none-eabi/lib/armv6k/fpu\libg.a(libc_a-mlock.o)
                0x00116060                __malloc_lock
 .text.__malloc_unlock
                0x0011606c        0xc E:/Juegos-Software/devkitPro/devkitARM/bin/../lib/gcc/arm-none-eabi/14.1.0/../../../../arm-none-eabi/lib/armv6k/fpu\libg.a(libc_a-mlock.o)
                0x0011606c                __malloc_unlock
 .text.__call_exitprocs
                0x00116078        0x4 E:/Juegos-Software/devkitPro/devkitARM/bin/../lib/gcc/arm-none-eabi/14.1.0/../../../../arm-none-eabi/lib/armv6k/fpu\libg.a(libc_a-exit.o)
                0x00116078                __call_exitprocs
 .text.exit     0x0011607c       0x30 E:/Juegos-Software/devkitPro/devkitARM/bin/../lib/gcc/arm-none-eabi/14.1.0/../../../../arm-none-eabi/lib/armv6k/fpu\libg.a(libc_a-exit.o)
                0x0011607c                exit
 .text._fseek_r
                0x001160ac       0x1c E:/Juegos-Software/devkitPro/devkitARM/bin/../lib/gcc/arm-none-eabi/14.1.0/../../../../arm-none-eabi/lib/armv6k/fpu\libg.a(libc_a-fseek.o)
                0x001160ac                _fseek_r
 .text.strncpy  0x001160c8       0xc4 E:/Juegos-Software/devkitPro/devkitARM/bin/../lib/gcc/arm-none-eabi/14.1.0/../../../../arm-none-eabi/lib/armv6k/fpu\libg.a(libc_a-strncpy.o)
                0x001160c8                strncpy
 .text.__sflags
                0x0011618c       0xb4 E:/Juegos-Software/devkitPro/devkitARM/bin/../lib/gcc/arm-none-eabi/14.1.0/../../../../arm-none-eabi/lib/armv6k/fpu\libg.a(libc_a-flags.o)
                0x0011618c                __sflags
 .text.__libc_init_array
                0x00116240       0x84 E:/Juegos-Software/devkitPro/devkitARM/bin/../lib/gcc/arm-none-eabi/14.1.0/../../../../arm-none-eabi/lib/armv6k/fpu\libg.a(libc_a-init.o)
                0x00116240                __libc_init_array
 .text.__sflush_r
                0x001162c4      0x228 E:/Juegos-Software/devkitPro/devkitARM/bin/../lib/gcc/arm-none-eabi/14.1.0/../../../../arm-none-eabi/lib/armv6k/fpu\libg.a(libc_a-fflush.o)
                0x001162c4                __sflush_r
 .text._fflush_r
                0x001164ec       0x94 E:/Juegos-Software/devkitPro/devkitARM/bin/../lib/gcc/arm-none-eabi/14.1.0/../../../../arm-none-eabi/lib/armv6k/fpu\libg.a(libc_a-fflush.o)
                0x001164ec                _fflush_r
 .text._memalign_r
                0x00116580      0x150 E:/Juegos-Software/devkitPro/devkitARM/bin/../lib/gcc/arm-none-eabi/14.1.0/../../../../arm-none-eabi/lib/armv6k/fpu\libg.a(libc_a-malignr.o)
                0x00116580                _memalign_r
 .text.__libc_fini_array
                0x001166d0       0x3c E:/Juegos-Software/devkitPro/devkitARM/bin/../lib/gcc/arm-none-eabi/14.1.0/../../../../arm-none-eabi/lib/armv6k/fpu\libg.a(libc_a-fini.o)
                0x001166d0                __libc_fini_array
 .text._fseeko_r
                0x0011670c      0x58c E:/Juegos-Software/devkitPro/devkitARM/bin/../lib/gcc/arm-none-eabi/14.1.0/../../../../arm-none-eabi/lib/armv6k/fpu\libg.a(libc_a-fseeko.o)
                0x0011670c                _fseeko_r
 .text.__sread  0x00116c98       0x44 E:/Juegos-Software/devkitPro/devkitARM/bin/../lib/gcc/arm-none-eabi/14.1.0/../../../../arm-none-eabi/lib/armv6k/fpu\libg.a(libc_a-stdio.o)
                0x00116c98                __sread
 .text.__swrite
                0x00116cdc       0x68 E:/Juegos-Software/devkitPro/devkitARM/bin/../lib/gcc/arm-none-eabi/14.1.0/../../../../arm-none-eabi/lib/armv6k/fpu\libg.a(libc_a-stdio.o)
                0x00116cdc                __swrite
 .text.__sseek  0x00116d44       0x40 E:/Juegos-Software/devkitPro/devkitARM/bin/../lib/gcc/arm-none-eabi/14.1.0/../../../../arm-none-eabi/lib/armv6k/fpu\libg.a(libc_a-stdio.o)
                0x00116d44                __sseek
 .text.__sclose
                0x00116d84        0x8 E:/Juegos-Software/devkitPro/devkitARM/bin/../lib/gcc/arm-none-eabi/14.1.0/../../../../arm-none-eabi/lib/armv6k/fpu\libg.a(libc_a-stdio.o)
                0x00116d84                __sclose
 .text.get_arg  0x00116d8c      0x5e4 E:/Juegos-Software/devkitPro/devkitARM/bin/../lib/gcc/arm-none-eabi/14.1.0/../../../../arm-none-eabi/lib/armv6k/fpu\libg.a(libc_a-vfprintf.o)
 .text._vfprintf_r
                0x00117370     0x3330 E:/Juegos-Software/devkitPro/devkitARM/bin/../lib/gcc/arm-none-eabi/14.1.0/../../../../arm-none-eabi/lib/armv6k/fpu\libg.a(libc_a-vfprintf.o)
                0x00117370                _vfprintf_r
 .text.__sbprintf
                0x0011a6a0       0xb8 E:/Juegos-Software/devkitPro/devkitARM/bin/../lib/gcc/arm-none-eabi/14.1.0/../../../../arm-none-eabi/lib/armv6k/fpu\libg.a(libc_a-vfprintf.o)
 .text.quorem   0x0011a758      0x1b4 E:/Juegos-Software/devkitPro/devkitARM/bin/../lib/gcc/arm-none-eabi/14.1.0/../../../../arm-none-eabi/lib/armv6k/fpu\libg.a(libc_a-dtoa.o)
 *fill*         0x0011a90c        0x4 
 .text._dtoa_r  0x0011a910     0x1370 E:/Juegos-Software/devkitPro/devkitARM/bin/../lib/gcc/arm-none-eabi/14.1.0/../../../../arm-none-eabi/lib/armv6k/fpu\libg.a(libc_a-dtoa.o)
                0x0011a910                _dtoa_r
 .text._wcrtomb_r
                0x0011bc80       0xa0 E:/Juegos-Software/devkitPro/devkitARM/bin/../lib/gcc/arm-none-eabi/14.1.0/../../../../arm-none-eabi/lib/armv6k/fpu\libg.a(libc_a-wcrtomb.o)
                0x0011bc80                _wcrtomb_r
 .text._wcsrtombs_r
                0x0011bd20       0x28 E:/Juegos-Software/devkitPro/devkitARM/bin/../lib/gcc/arm-none-eabi/14.1.0/../../../../arm-none-eabi/lib/armv6k/fpu\libg.a(libc_a-wcsrtombs.o)
                0x0011bd20                _wcsrtombs_r
 .text.__swsetup_r
                0x0011bd48      0x194 E:/Juegos-Software/devkitPro/devkitARM/bin/../lib/gcc/arm-none-eabi/14.1.0/../../../../arm-none-eabi/lib/armv6k/fpu\libg.a(libc_a-wsetup.o)
                0x0011bd48                __swsetup_r
 *fill*         0x0011bedc        0x4 
 .text.frexp    0x0011bee0       0x88 E:/Juegos-Software/devkitPro/devkitARM/bin/../lib/gcc/arm-none-eabi/14.1.0/../../../../arm-none-eabi/lib/armv6k/fpu\libg.a(libm_a-s_frexp.o)
                0x0011bee0                frexp
 .text.__assert_func
                0x0011bf68       0x5c E:/Juegos-Software/devkitPro/devkitARM/bin/../lib/gcc/arm-none-eabi/14.1.0/../../../../arm-none-eabi/lib/armv6k/fpu\libg.a(libc_a-assert.o)
                0x0011bf68                __assert_func
 .text._Balloc  0x0011bfc4       0x88 E:/Juegos-Software/devkitPro/devkitARM/bin/../lib/gcc/arm-none-eabi/14.1.0/../../../../arm-none-eabi/lib/armv6k/fpu\libg.a(libc_a-mprec.o)
                0x0011bfc4                _Balloc
 .text._Bfree   0x0011c04c       0x1c E:/Juegos-Software/devkitPro/devkitARM/bin/../lib/gcc/arm-none-eabi/14.1.0/../../../../arm-none-eabi/lib/armv6k/fpu\libg.a(libc_a-mprec.o)
                0x0011c04c                _Bfree
 .text.__multadd
                0x0011c068       0xf4 E:/Juegos-Software/devkitPro/devkitARM/bin/../lib/gcc/arm-none-eabi/14.1.0/../../../../arm-none-eabi/lib/armv6k/fpu\libg.a(libc_a-mprec.o)
                0x0011c068                __multadd
 .text.__hi0bits
                0x0011c15c       0x80 E:/Juegos-Software/devkitPro/devkitARM/bin/../lib/gcc/arm-none-eabi/14.1.0/../../../../arm-none-eabi/lib/armv6k/fpu\libg.a(libc_a-mprec.o)
                0x0011c15c                __hi0bits
 .text.__lo0bits
                0x0011c1dc       0xf4 E:/Juegos-Software/devkitPro/devkitARM/bin/../lib/gcc/arm-none-eabi/14.1.0/../../../../arm-none-eabi/lib/armv6k/fpu\libg.a(libc_a-mprec.o)
                0x0011c1dc                __lo0bits
 .text.__i2b    0x0011c2d0       0xa4 E:/Juegos-Software/devkitPro/devkitARM/bin/../lib/gcc/arm-none-eabi/14.1.0/../../../../arm-none-eabi/lib/armv6k/fpu\libg.a(libc_a-mprec.o)
                0x0011c2d0                __i2b
 .text.__multiply
                0x0011c374      0x208 E:/Juegos-Software/devkitPro/devkitARM/bin/../lib/gcc/arm-none-eabi/14.1.0/../../../../arm-none-eabi/lib/armv6k/fpu\libg.a(libc_a-mprec.o)
                0x0011c374                __multiply
 .text.__pow5mult
                0x0011c57c      0x130 E:/Juegos-Software/devkitPro/devkitARM/bin/../lib/gcc/arm-none-eabi/14.1.0/../../../../arm-none-eabi/lib/armv6k/fpu\libg.a(libc_a-mprec.o)
                0x0011c57c                __pow5mult
 .text.__lshift
                0x0011c6ac      0x138 E:/Juegos-Software/devkitPro/devkitARM/bin/../lib/gcc/arm-none-eabi/14.1.0/../../../../arm-none-eabi/lib/armv6k/fpu\libg.a(libc_a-mprec.o)
                0x0011c6ac                __lshift
 .text.__mcmp   0x0011c7e4       0x58 E:/Juegos-Software/devkitPro/devkitARM/bin/../lib/gcc/arm-none-eabi/14.1.0/../../../../arm-none-eabi/lib/armv6k/fpu\libg.a(libc_a-mprec.o)
                0x0011c7e4                __mcmp
 .text.__mdiff  0x0011c83c      0x1f0 E:/Juegos-Software/devkitPro/devkitARM/bin/../lib/gcc/arm-none-eabi/14.1.0/../../../../arm-none-eabi/lib/armv6k/fpu\libg.a(libc_a-mprec.o)
                0x0011c83c                __mdiff
 .text.__d2b    0x0011ca2c      0x120 E:/Juegos-Software/devkitPro/devkitARM/bin/../lib/gcc/arm-none-eabi/14.1.0/../../../../arm-none-eabi/lib/armv6k/fpu\libg.a(libc_a-mprec.o)
                0x0011ca2c                __d2b
 .text.__locale_mb_cur_max
                0x0011cb4c       0x24 E:/Juegos-Software/devkitPro/devkitARM/bin/../lib/gcc/arm-none-eabi/14.1.0/../../../../arm-none-eabi/lib/armv6k/fpu\libg.a(libc_a-locale.o)
                0x0011cb4c                __locale_mb_cur_max
 .text.fiprintf
                0x0011cb70       0x3c E:/Juegos-Software/devkitPro/devkitARM/bin/../lib/gcc/arm-none-eabi/14.1.0/../../../../arm-none-eabi/lib/armv6k/fpu\libg.a(libc_a-fiprintf.o)
                0x0011cb70                fiprintf
 .text.memchr   0x0011cbac       0xe0 E:/Juegos-Software/devkitPro/devkitARM/bin/../lib/gcc/arm-none-eabi/14.1.0/../../../../arm-none-eabi/lib/armv6k/fpu\libg.a(libc_a-memchr-stub.o)
                0x0011cbac                memchr
 .text._wcsnrtombs_l
                0x0011cc8c      0x160 E:/Juegos-Software/devkitPro/devkitARM/bin/../lib/gcc/arm-none-eabi/14.1.0/../../../../arm-none-eabi/lib/armv6k/fpu\libg.a(libc_a-wcsnrtombs.o)
                0x0011cc8c                _wcsnrtombs_l
 .text._wcsnrtombs_r
                0x0011cdec       0x64 E:/Juegos-Software/devkitPro/devkitARM/bin/../lib/gcc/arm-none-eabi/14.1.0/../../../../arm-none-eabi/lib/armv6k/fpu\libg.a(libc_a-wcsnrtombs.o)
                0x0011cdec                _wcsnrtombs_r
 .text.__utf8_mbtowc
                0x0011ce50      0x324 E:/Juegos-Software/devkitPro/devkitARM/bin/../lib/gcc/arm-none-eabi/14.1.0/../../../../arm-none-eabi/lib/armv6k/fpu\libg.a(libc_a-mbtowc_r.o)
                0x0011ce50                __utf8_mbtowc
 .text.__sprint_r
                0x0011d174       0x30 E:/Juegos-Software/devkitPro/devkitARM/bin/../lib/gcc/arm-none-eabi/14.1.0/../../../../arm-none-eabi/lib/armv6k/fpu\libg.a(libc_a-sprint_r.o)
                0x0011d174                __sprint_r
 .text.abort    0x0011d1a4       0x14 E:/Juegos-Software/devkitPro/devkitARM/bin/../lib/gcc/arm-none-eabi/14.1.0/../../../../arm-none-eabi/lib/armv6k/fpu\libg.a(libc_a-abort.o)
                0x0011d1a4                abort
 .text._localeconv_r
                0x0011d1b8       0x24 E:/Juegos-Software/devkitPro/devkitARM/bin/../lib/gcc/arm-none-eabi/14.1.0/../../../../arm-none-eabi/lib/armv6k/fpu\libg.a(libc_a-localeconv.o)
                0x0011d1b8                _localeconv_r
 .text.__utf8_wctomb